/* -*- Mode: c -*- */
####################################################################################################
Core 0
####################################################################################################
Cumulative:        Cycles: 109300549             Instructions: 99999999              IPC: 0.91491

Periodic:          Cycles: 109300549             Instructions: 99999999              IPC: 0.91491

MISS_WAIT_TIME                           11736450074498                  11736450074498              

ICACHE_STAGE_MISS                               138069                         138069              

ICACHE_CYCLE                                 109300549                      109300549              

TCACHE_CYCLE                                         0                              0              

ICACHE_CYCLE_ONPATH                          101076005       92.475%        101076005       92.475%
ICACHE_CYCLE_OFFPATH                           8224544        7.525%          8224544        7.525%
                                             109300549      100.000%        109300549      100.000%
                                                  0.08         0.25              0.08         0.25

FETCH_ON_PATH                                100552299       92.965%        100552299       92.965%
FETCH_OFF_PATH                                 7608631        7.035%          7608631        7.035%
                                             108160930      100.000%        108160930      100.000%
                                                  0.07         0.25              0.07         0.25

FETCHED_OPS_ON_PATH                                  0         -nan%                0         -nan%
FETCHED_OPS_OFF_PATH                                 0         -nan%                0         -nan%
                                                     0         -nan%                0         -nan%
                                                  -nan         -nan              -nan         -nan

INST_LOST_FETCH                              122606741       21.491%        122606741       21.491%
INST_LOST_OFF_PATH                            34871477        6.112%         34871477        6.112%
INST_LOST_FULL_WINDOW                           546906        0.096%           546906        0.096%
INST_LOST_ROB_STALL_OTHER                      3235074        0.567%          3235074        0.567%
INST_LOST_ROB_STALL_WAIT_FOR_RECOVERY            17310        0.003%            17310        0.003%
INST_LOST_ROB_STALL_WAIT_FOR_REDIRECT                0        0.000%                0        0.000%
INST_LOST_ROB_STALL_WAIT_FOR_GAP_FILL                0        0.000%                0        0.000%
INST_LOST_ROB_STALL_WAIT_FOR_L1_MISS                 0        0.000%                0        0.000%
INST_LOST_ROB_STALL_WAIT_FOR_MEMORY                 42        0.000%               42        0.000%
INST_LOST_ROB_STALL_WAIT_FOR_DC_MISS           3038382        0.533%          3038382        0.533%
INST_LOST_ROB_BLOCK_ISSUE_FULL                       0        0.000%                0        0.000%
INST_LOST_ROB_BLOCK_ISSUE_GAP_TOO_LARGE              0        0.000%                0        0.000%
INST_LOST_BREAK_DONT                                 0        0.000%                0        0.000%
INST_LOST_BREAK_RENAME                               0        0.000%                0        0.000%
INST_LOST_BREAK_FT_UNAVAILABLE                     185        0.000%              185        0.000%
INST_LOST_BREAK_ICACHE_TO_UOP_CACHE_SWITCH       2356225        0.413%          2356225        0.413%
INST_LOST_BREAK_ICACHE_MISS_REQ_SUCCESS         573826        0.101%           573826        0.101%
INST_LOST_BREAK_ICACHE_MISS_REQ_FAILURE           7116        0.001%             7116        0.001%
INST_LOST_BREAK_WAIT_FOR_MISS                 15692975        2.751%         15692975        2.751%
INST_LOST_BREAK_UOP_CACHE_READ_LIMIT          34513586        6.050%         34513586        6.050%
INST_LOST_BREAK_UOP_CACHE_READ_LIMIT_AND_ISSUE_WIDTH             0        0.000%                0        0.000%
INST_LOST_BREAK_ICACHE_READ_LIMIT              2541078        0.445%          2541078        0.445%
INST_LOST_BREAK_ICACHE_READ_LIMIT_AND_ISSUE_WIDTH             0        0.000%                0        0.000%
INST_LOST_BREAK_ISSUE_WIDTH                          0        0.000%                0        0.000%
INST_LOST_BREAK_BARRIERT                       3247182        0.569%          3247182        0.569%
INST_LOST_BREAK_WAIT_FOR_EMPTY_ROB           347253555       60.868%        347253555       60.868%
INST_LOST_BREAK_APP_EXIT                             4        0.000%                4        0.000%
INST_LOST_BREAK_STALL                                0        0.000%                0        0.000%
                                             570501664      100.000%        570501664      100.000%
                                                 17.30         7.39             17.30         7.39

INST_LOST_TOTAL                              570501664                      570501664              

INST_LOST_WAIT_FOR_ICACHE_MISS_NOT_PREFETCHED       1011300        6.787%          1011300        6.787%
INST_LOST_WAIT_FOR_ICACHE_MISS_PREFETCHED_AND_EVICTED_BY_IFETCH             0        0.000%                0        0.000%
INST_LOST_WAIT_FOR_ICACHE_MISS_PREFETCHED_AND_EVICTED_BY_FDIP             0        0.000%                0        0.000%
INST_LOST_WAIT_FOR_ICACHE_MISS_MSHR_HIT_PREF_OFFPATH        376055        2.524%           376055        2.524%
INST_LOST_WAIT_FOR_ICACHE_MISS_MSHR_HIT_PREF_ONPATH      13513040       90.689%         13513040       90.689%
                                              14900395      100.000%         14900395      100.000%
                                                  3.70         3.54              3.70         3.54

FETCH_0_OPS                                  146550601       80.509%        146550601       80.509%
FETCH_1_OPS                                    2520728        1.385%          2520728        1.385%
FETCH_2_OPS                                    3157411        1.735%          3157411        1.735%
FETCH_3_OPS                                    2790320        1.533%          2790320        1.533%
FETCH_4_OPS                                    4955948        2.723%          4955948        2.723%
FETCH_5_OPS                                   11878226        6.525%         11878226        6.525%
FETCH_6_OPS                                   10176131        5.590%         10176131        5.590%
FETCH_7_OPS                                          0        0.000%                0        0.000%
FETCH_8_OPS                                          0        0.000%                0        0.000%
FETCH_9_OPS                                          0        0.000%                0        0.000%
FETCH_10_OPS                                         0        0.000%                0        0.000%
FETCH_11_OPS                                         0        0.000%                0        0.000%
FETCH_12_OPS                                         0        0.000%                0        0.000%
FETCH_13_OPS                                         0        0.000%                0        0.000%
FETCH_14_OPS                                         0        0.000%                0        0.000%
FETCH_15_OPS                                         0        0.000%                0        0.000%
FETCH_16_OPS                                         0        0.000%                0        0.000%
                                             182029365      100.000%        182029365      100.000%
                                                  0.87         1.72              0.87         1.72

ST_BREAK_DONT                                        0        0.000%                0        0.000%
ST_BREAK_RENAME                                      0        0.000%                0        0.000%
ST_BREAK_FT_UNAVAILABLE                             37        0.000%               37        0.000%
ST_BREAK_ICACHE_TO_UOP_CACHE_SWITCH             929147        0.859%           929147        0.859%
ST_BREAK_ICACHE_MISS_REQ_SUCCESS                138069        0.128%           138069        0.128%
ST_BREAK_ICACHE_MISS_REQ_FAILURE                  1441        0.001%             1441        0.001%
ST_BREAK_WAIT_FOR_MISS                         3138595        2.902%          3138595        2.902%
ST_BREAK_UOP_CACHE_READ_LIMIT                 12033648       11.126%         12033648       11.126%
ST_BREAK_UOP_CACHE_READ_LIMIT_AND_ISSUE_WIDTH       1334243        1.234%          1334243        1.234%
ST_BREAK_ICACHE_READ_LIMIT                     1325542        1.226%          1325542        1.226%
ST_BREAK_ICACHE_READ_LIMIT_AND_ISSUE_WIDTH        540030        0.499%           540030        0.499%
ST_BREAK_ISSUE_WIDTH                          18619747       17.215%         18619747       17.215%
ST_BREAK_BARRIERT                               649719        0.601%           649719        0.601%
ST_BREAK_WAIT_FOR_EMPTY_ROB                   69450711       64.211%         69450711       64.211%
ST_BREAK_APP_EXIT                                    1        0.000%                1        0.000%
ST_BREAK_STALL                                       0        0.000%                0        0.000%
                                             108160930      100.000%        108160930      100.000%
                                                 11.56         2.36             11.56         2.36

ORACLE_ON_PATH_INST                          122606741       77.856%        122606741       77.856%
ORACLE_OFF_PATH_INST                          34871477       22.144%         34871477       22.144%
                                             157478218      100.000%        157478218      100.000%
                                                  0.22         0.38              0.22         0.38

ORACLE_ON_PATH_INST_MEM                       39762742       25.250%         39762742       25.250%
ORACLE_ON_PATH_INST_NOTMEM                    82843999       52.607%         82843999       52.607%
ORACLE_OFF_PATH_INST_MEM                      10514122        6.677%         10514122        6.677%
ORACLE_OFF_PATH_INST_NOTMEM                   24357355       15.467%         24357355       15.467%
                                             157478218      100.000%        157478218      100.000%
                                                  1.12         0.89              1.12         0.89

ICACHE_CYCLE_NONRA_ONPATH                            0         -nan%                0         -nan%
ICACHE_CYCLE_NONRA_OFFPATH                           0         -nan%                0         -nan%
ICACHE_CYCLE_RA_ONPATH                               0         -nan%                0         -nan%
ICACHE_CYCLE_RA_OFFPATH                              0         -nan%                0         -nan%
                                                     0         -nan%                0         -nan%
                                                  -nan         -nan              -nan         -nan

ICACHE_CYCLE_ONPATH_NONRA                            0         -nan%                0         -nan%
ICACHE_CYCLE_OFFPATH_NONRA                           0         -nan%                0         -nan%
                                                     0         -nan%                0         -nan%
                                                  -nan         -nan              -nan         -nan

ICACHE_CYCLE_ONPATH_RA                               0         -nan%                0         -nan%
ICACHE_CYCLE_OFFPATH_RA                              0         -nan%                0         -nan%
                                                     0         -nan%                0         -nan%
                                                  -nan         -nan              -nan         -nan

INACCURATE_OFFPATH_CYCLES                            0        0.0000                0        0.0000

FETCH_ALL_INST                               157478218                      157478218              

EXEC_ALL_INST                                133093549                      133093549              

RET_ALL_INST                                 122606741                      122606741              

EXEC_ON_PATH_INST                            122606741       92.121%        122606741       92.121%
EXEC_OFF_PATH_INST                            10486808        7.879%         10486808        7.879%
                                             133093549      100.000%        133093549      100.000%
                                                  0.08         0.26              0.08         0.26

EXEC_ON_PATH_INST_MEM                         39762742       29.876%         39762742       29.876%
EXEC_ON_PATH_INST_NOTMEM                      82843999       62.245%         82843999       62.245%
EXEC_OFF_PATH_INST_MEM                         3482123        2.616%          3482123        2.616%
EXEC_OFF_PATH_INST_NOTMEM                      7004685        5.263%          7004685        5.263%
                                             133093549      100.000%        133093549      100.000%
                                                  0.83         0.58              0.83         0.58

EXEC_RA_INST                                         0         -nan%                0         -nan%
EXEC_NONRA_INST                                      0         -nan%                0         -nan%
                                                     0         -nan%                0         -nan%
                                                  -nan         -nan              -nan         -nan

EXEC_ON_PATH_INST_RA                                 0         -nan%                0         -nan%
EXEC_OFF_PATH_INST_RA                                0         -nan%                0         -nan%
                                                     0         -nan%                0         -nan%
                                                  -nan         -nan              -nan         -nan

EXEC_ON_PATH_INST_NONRA                              0         -nan%                0         -nan%
EXEC_OFF_PATH_INST_NONRA                             0         -nan%                0         -nan%
                                                     0         -nan%                0         -nan%
                                                  -nan         -nan              -nan         -nan

EXEC_RA_ON_PATH_INST                                 0         -nan%                0         -nan%
EXEC_RA_OFF_PATH_INST                                0         -nan%                0         -nan%
EXEC_NONRA_ON_PATH_INST                              0         -nan%                0         -nan%
EXEC_NONRA_OFF_PATH_INST                             0         -nan%                0         -nan%
                                                     0         -nan%                0         -nan%
                                                  -nan         -nan              -nan         -nan

ICACHE_THROTTLE_CYCLE                                0                              0              

FETCH_ENABLE_THROTTLE_OFF_PATH                       0         -nan%                0         -nan%
FETCH_ENABLE_THROTTLE_ON_PATH                        0         -nan%                0         -nan%
                                                     0         -nan%                0         -nan%
                                                  -nan         -nan              -nan         -nan

FETCH_DISABLE_THROTTLE_OFF_PATH                      0         -nan%                0         -nan%
FETCH_DISABLE_THROTTLE_ON_PATH                       0         -nan%                0         -nan%
                                                     0         -nan%                0         -nan%
                                                  -nan         -nan              -nan         -nan

FETCH_TH_ADJUST__0                                   0         -nan%                0         -nan%
FETCH_TH_ADJUST__1                                   0         -nan%                0         -nan%
FETCH_TH_ADJUST__2                                   0         -nan%                0         -nan%
FETCH_TH_ADJUST__3                                   0         -nan%                0         -nan%
FETCH_TH_ADJUST__4                                   0         -nan%                0         -nan%
FETCH_TH_ADJUST__5                                   0         -nan%                0         -nan%
FETCH_TH_ADJUST__6                                   0         -nan%                0         -nan%
FETCH_TH_ADJUST__7                                   0         -nan%                0         -nan%
FETCH_TH_ADJUST__8                                   0         -nan%                0         -nan%
FETCH_TH_ADJUST__9                                   0         -nan%                0         -nan%
FETCH_TH_ADJUST__MAX                                 0         -nan%                0         -nan%
                                                     0         -nan%                0         -nan%
                                                  -nan         -nan              -nan         -nan

FETCH_TH_ADJUST_UP                                   0         -nan%                0         -nan%
FETCH_TH_ADJUST_DOWN                                 0         -nan%                0         -nan%
FETCH_TH_ADJUST_SAME                                 0         -nan%                0         -nan%
                                                     0         -nan%                0         -nan%
                                                  -nan         -nan              -nan         -nan

THROTTLE_ADJUST_CACHE_MISS_INFO                      0                              0              

LOW_CONF_COUNT_BP_MIS_0                              0         -nan%                0         -nan%
LOW_CONF_COUNT_BP_MIS_1                              0         -nan%                0         -nan%
LOW_CONF_COUNT_BP_MIS_2                              0         -nan%                0         -nan%
LOW_CONF_COUNT_BP_MIS_3                              0         -nan%                0         -nan%
LOW_CONF_COUNT_BP_MIS_4                              0         -nan%                0         -nan%
LOW_CONF_COUNT_BP_MIS_5                              0         -nan%                0         -nan%
LOW_CONF_COUNT_BP_MIS_6                              0         -nan%                0         -nan%
LOW_CONF_COUNT_BP_MIS_7                              0         -nan%                0         -nan%
LOW_CONF_COUNT_BP_MIS_8                              0         -nan%                0         -nan%
LOW_CONF_COUNT_BP_MIS_9                              0         -nan%                0         -nan%
LOW_CONF_COUNT_BP_MIS_10                             0         -nan%                0         -nan%
LOW_CONF_COUNT_BP_MIS_11                             0         -nan%                0         -nan%
LOW_CONF_COUNT_BP_MIS_12                             0         -nan%                0         -nan%
LOW_CONF_COUNT_BP_MIS_13                             0         -nan%                0         -nan%
LOW_CONF_COUNT_BP_MIS_14                             0         -nan%                0         -nan%
LOW_CONF_COUNT_BP_MIS_15                             0         -nan%                0         -nan%
LOW_CONF_COUNT_BP_MIS_16                             0         -nan%                0         -nan%
LOW_CONF_COUNT_BP_MIS_17                             0         -nan%                0         -nan%
LOW_CONF_COUNT_BP_MIS_18                             0         -nan%                0         -nan%
LOW_CONF_COUNT_BP_MIS_19                             0         -nan%                0         -nan%
LOW_CONF_COUNT_BP_MIS_20                             0         -nan%                0         -nan%
                                                     0         -nan%                0         -nan%
                                                  -nan         -nan              -nan         -nan

LOW_CONF_COUNT_RET_0                                 0         -nan%                0         -nan%
LOW_CONF_COUNT_RET_1                                 0         -nan%                0         -nan%
LOW_CONF_COUNT_RET_2                                 0         -nan%                0         -nan%
LOW_CONF_COUNT_RET_3                                 0         -nan%                0         -nan%
LOW_CONF_COUNT_RET_4                                 0         -nan%                0         -nan%
LOW_CONF_COUNT_RET_5                                 0         -nan%                0         -nan%
LOW_CONF_COUNT_RET_6                                 0         -nan%                0         -nan%
LOW_CONF_COUNT_RET_7                                 0         -nan%                0         -nan%
LOW_CONF_COUNT_RET_8                                 0         -nan%                0         -nan%
LOW_CONF_COUNT_RET_9                                 0         -nan%                0         -nan%
LOW_CONF_COUNT_RET_10                                0         -nan%                0         -nan%
LOW_CONF_COUNT_RET_11                                0         -nan%                0         -nan%
LOW_CONF_COUNT_RET_12                                0         -nan%                0         -nan%
LOW_CONF_COUNT_RET_13                                0         -nan%                0         -nan%
LOW_CONF_COUNT_RET_14                                0         -nan%                0         -nan%
LOW_CONF_COUNT_RET_15                                0         -nan%                0         -nan%
LOW_CONF_COUNT_RET_16                                0         -nan%                0         -nan%
LOW_CONF_COUNT_RET_17                                0         -nan%                0         -nan%
LOW_CONF_COUNT_RET_18                                0         -nan%                0         -nan%
LOW_CONF_COUNT_RET_19                                0         -nan%                0         -nan%
LOW_CONF_COUNT_RET_20                                0         -nan%                0         -nan%
                                                     0         -nan%                0         -nan%
                                                  -nan         -nan              -nan         -nan

CYCLES_RESTEER_MISPRED                               0         -nan%                0         -nan%
CYCLES_RESTEER_MISFETCH                              0         -nan%                0         -nan%
CYCLES_RESTEER_BTB_MISS                              0         -nan%                0         -nan%
                                                     0         -nan%                0         -nan%
                                                  -nan         -nan              -nan         -nan

CYCLES_RESTEER_MISPRED_SAVED_UC_FETCH                0         -nan%                0         -nan%
CYCLES_RESTEER_MISPRED_COULD_BE_SAVED_UC_FETCH             0         -nan%                0         -nan%
CYCLES_RESTEER_MISFETCH_SAVED_UC_FETCH               0         -nan%                0         -nan%
CYCLES_RESTEER_MISFETCH_COULD_BE_SAVED_UC_FETCH             0         -nan%                0         -nan%
CYCLES_RESTEER_BTB_MISS_SAVED_UC_FETCH               0         -nan%                0         -nan%
CYCLES_RESTEER_BTB_MISS_COULD_BE_SAVED_UC_FETCH             0         -nan%                0         -nan%
                                                     0         -nan%                0         -nan%
                                                  -nan         -nan              -nan         -nan

CYCLES_UOC_IC_SWITCH                                 0                              0              



