/* -*- Mode: c -*- */
####################################################################################################
Core 0
####################################################################################################
Cumulative:        Cycles: 85787925              Instructions: 99999999              IPC: 1.16567

Periodic:          Cycles: 85787925              Instructions: 99999999              IPC: 1.16567

MISS_WAIT_TIME                           19317039981404                  19317039981404              

ICACHE_STAGE_MISS                               590577                         590577              

ICACHE_CYCLE                                  85787925                       85787925              

TCACHE_CYCLE                                         0                              0              

ICACHE_CYCLE_ONPATH                           37421911       43.621%         37421911       43.621%
ICACHE_CYCLE_OFFPATH                          48366014       56.379%         48366014       56.379%
                                              85787925      100.000%         85787925      100.000%
                                                  0.56         0.54              0.56         0.54

FETCH_ON_PATH                                 43308834       50.548%         43308834       50.548%
FETCH_OFF_PATH                                42369817       49.452%         42369817       49.452%
                                              85678651      100.000%         85678651      100.000%
                                                  0.49         0.50              0.49         0.50

FETCHED_OPS_ON_PATH                                  0         -nan%                0         -nan%
FETCHED_OPS_OFF_PATH                                 0         -nan%                0         -nan%
                                                     0         -nan%                0         -nan%
                                                  -nan         -nan              -nan         -nan

INST_LOST_FETCH                              113357442       26.117%        113357442       26.117%
INST_LOST_OFF_PATH                           217755256       50.170%        217755256       50.170%
INST_LOST_FULL_WINDOW                             2244        0.001%             2244        0.001%
INST_LOST_ROB_STALL_OTHER                       296562        0.068%           296562        0.068%
INST_LOST_ROB_STALL_WAIT_FOR_RECOVERY             2034        0.000%             2034        0.000%
INST_LOST_ROB_STALL_WAIT_FOR_REDIRECT                0        0.000%                0        0.000%
INST_LOST_ROB_STALL_WAIT_FOR_GAP_FILL                0        0.000%                0        0.000%
INST_LOST_ROB_STALL_WAIT_FOR_L1_MISS                 0        0.000%                0        0.000%
INST_LOST_ROB_STALL_WAIT_FOR_MEMORY               7632        0.002%             7632        0.002%
INST_LOST_ROB_STALL_WAIT_FOR_DC_MISS            347172        0.080%           347172        0.080%
INST_LOST_ROB_BLOCK_ISSUE_FULL                       0        0.000%                0        0.000%
INST_LOST_ROB_BLOCK_ISSUE_GAP_TOO_LARGE              0        0.000%                0        0.000%
INST_LOST_BREAK_DONT                                 0        0.000%                0        0.000%
INST_LOST_BREAK_RENAME                               0        0.000%                0        0.000%
INST_LOST_BREAK_FT_UNAVAILABLE                     290        0.000%              290        0.000%
INST_LOST_BREAK_ICACHE_TO_UOP_CACHE_SWITCH        270755        0.062%           270755        0.062%
INST_LOST_BREAK_ICACHE_MISS_REQ_SUCCESS        2485875        0.573%          2485875        0.573%
INST_LOST_BREAK_ICACHE_MISS_REQ_FAILURE          12736        0.003%            12736        0.003%
INST_LOST_BREAK_WAIT_FOR_MISS                 87531635       20.167%         87531635       20.167%
INST_LOST_BREAK_UOP_CACHE_READ_LIMIT           6431198        1.482%          6431198        1.482%
INST_LOST_BREAK_UOP_CACHE_READ_LIMIT_AND_ISSUE_WIDTH             0        0.000%                0        0.000%
INST_LOST_BREAK_ICACHE_READ_LIMIT              5398530        1.244%          5398530        1.244%
INST_LOST_BREAK_ICACHE_READ_LIMIT_AND_ISSUE_WIDTH             0        0.000%                0        0.000%
INST_LOST_BREAK_ISSUE_WIDTH                          0        0.000%                0        0.000%
INST_LOST_BREAK_BARRIERT                          2989        0.001%             2989        0.001%
INST_LOST_BREAK_WAIT_FOR_EMPTY_ROB              129645        0.030%           129645        0.030%
INST_LOST_BREAK_APP_EXIT                             3        0.000%                3        0.000%
INST_LOST_BREAK_STALL                                0        0.000%                0        0.000%
                                             434031998      100.000%        434031998      100.000%
                                                  4.79         7.04              4.79         7.04

INST_LOST_TOTAL                              434031998                      434031998              

INST_LOST_WAIT_FOR_ICACHE_MISS_NOT_PREFETCHED        716465        0.857%           716465        0.857%
INST_LOST_WAIT_FOR_ICACHE_MISS_PREFETCHED_AND_EVICTED_BY_IFETCH             0        0.000%                0        0.000%
INST_LOST_WAIT_FOR_ICACHE_MISS_PREFETCHED_AND_EVICTED_BY_FDIP             0        0.000%                0        0.000%
INST_LOST_WAIT_FOR_ICACHE_MISS_MSHR_HIT_PREF_OFFPATH         77690        0.093%            77690        0.093%
INST_LOST_WAIT_FOR_ICACHE_MISS_MSHR_HIT_PREF_ONPATH      82781235       99.050%         82781235       99.050%
                                              83575390      100.000%         83575390      100.000%
                                                  3.96         3.95              3.96         3.95

FETCH_0_OPS                                   36158256       34.797%         36158256       34.797%
FETCH_1_OPS                                     750272        0.722%           750272        0.722%
FETCH_2_OPS                                    1046487        1.007%          1046487        1.007%
FETCH_3_OPS                                    1462731        1.408%          1462731        1.408%
FETCH_4_OPS                                    1381018        1.329%          1381018        1.329%
FETCH_5_OPS                                   60330095       58.058%         60330095       58.058%
FETCH_6_OPS                                    2784452        2.680%          2784452        2.680%
FETCH_7_OPS                                          0        0.000%                0        0.000%
FETCH_8_OPS                                          0        0.000%                0        0.000%
FETCH_9_OPS                                          0        0.000%                0        0.000%
FETCH_10_OPS                                         0        0.000%                0        0.000%
FETCH_11_OPS                                         0        0.000%                0        0.000%
FETCH_12_OPS                                         0        0.000%                0        0.000%
FETCH_13_OPS                                         0        0.000%                0        0.000%
FETCH_14_OPS                                         0        0.000%                0        0.000%
FETCH_15_OPS                                         0        0.000%                0        0.000%
FETCH_16_OPS                                         0        0.000%                0        0.000%
                                             103913311      100.000%        103913311      100.000%
                                                  3.19         1.48              3.19         1.48

ST_BREAK_DONT                                        0        0.000%                0        0.000%
ST_BREAK_RENAME                                      0        0.000%                0        0.000%
ST_BREAK_FT_UNAVAILABLE                             58        0.000%               58        0.000%
ST_BREAK_ICACHE_TO_UOP_CACHE_SWITCH             106561        0.124%           106561        0.124%
ST_BREAK_ICACHE_MISS_REQ_SUCCESS                590577        0.689%           590577        0.689%
ST_BREAK_ICACHE_MISS_REQ_FAILURE                  2553        0.003%             2553        0.003%
ST_BREAK_WAIT_FOR_MISS                        17506327       20.433%         17506327       20.433%
ST_BREAK_UOP_CACHE_READ_LIMIT                  2198137        2.566%          2198137        2.566%
ST_BREAK_UOP_CACHE_READ_LIMIT_AND_ISSUE_WIDTH        439718        0.513%           439718        0.513%
ST_BREAK_ICACHE_READ_LIMIT                     2570839        3.001%          2570839        3.001%
ST_BREAK_ICACHE_READ_LIMIT_AND_ISSUE_WIDTH        556009        0.649%           556009        0.649%
ST_BREAK_ISSUE_WIDTH                          61681194       71.991%         61681194       71.991%
ST_BREAK_BARRIERT                                  748        0.001%              748        0.001%
ST_BREAK_WAIT_FOR_EMPTY_ROB                      25929        0.030%            25929        0.030%
ST_BREAK_APP_EXIT                                    1        0.000%                1        0.000%
ST_BREAK_STALL                                       0        0.000%                0        0.000%
                                              85678651      100.000%         85678651      100.000%
                                                  9.74         2.12              9.74         2.12

ORACLE_ON_PATH_INST                          113357442       34.235%        113357442       34.235%
ORACLE_OFF_PATH_INST                         217755256       65.765%        217755256       65.765%
                                             331112698      100.000%        331112698      100.000%
                                                  0.66         0.60              0.66         0.60

ORACLE_ON_PATH_INST_MEM                       31825044        9.612%         31825044        9.612%
ORACLE_ON_PATH_INST_NOTMEM                    81532398       24.624%         81532398       24.624%
ORACLE_OFF_PATH_INST_MEM                      23161932        6.995%         23161932        6.995%
ORACLE_OFF_PATH_INST_NOTMEM                  194593324       58.770%        194593324       58.770%
                                             331112698      100.000%        331112698      100.000%
                                                  2.15         1.86              2.15         1.86

ICACHE_CYCLE_NONRA_ONPATH                            0         -nan%                0         -nan%
ICACHE_CYCLE_NONRA_OFFPATH                           0         -nan%                0         -nan%
ICACHE_CYCLE_RA_ONPATH                               0         -nan%                0         -nan%
ICACHE_CYCLE_RA_OFFPATH                              0         -nan%                0         -nan%
                                                     0         -nan%                0         -nan%
                                                  -nan         -nan              -nan         -nan

ICACHE_CYCLE_ONPATH_NONRA                            0         -nan%                0         -nan%
ICACHE_CYCLE_OFFPATH_NONRA                           0         -nan%                0         -nan%
                                                     0         -nan%                0         -nan%
                                                  -nan         -nan              -nan         -nan

ICACHE_CYCLE_ONPATH_RA                               0         -nan%                0         -nan%
ICACHE_CYCLE_OFFPATH_RA                              0         -nan%                0         -nan%
                                                     0         -nan%                0         -nan%
                                                  -nan         -nan              -nan         -nan

INACCURATE_OFFPATH_CYCLES                            0        0.0000                0        0.0000

FETCH_ALL_INST                               331112698                      331112698              

EXEC_ALL_INST                                114641959                      114641959              

RET_ALL_INST                                 113357442                      113357442              

EXEC_ON_PATH_INST                            113357442       98.880%        113357442       98.880%
EXEC_OFF_PATH_INST                             1284517        1.120%          1284517        1.120%
                                             114641959      100.000%        114641959      100.000%
                                                  0.01         0.10              0.01         0.10

EXEC_ON_PATH_INST_MEM                         31825044       27.760%         31825044       27.760%
EXEC_ON_PATH_INST_NOTMEM                      81532398       71.119%         81532398       71.119%
EXEC_OFF_PATH_INST_MEM                          239829        0.209%           239829        0.209%
EXEC_OFF_PATH_INST_NOTMEM                      1044688        0.911%          1044688        0.911%
                                             114641959      100.000%        114641959      100.000%
                                                  0.74         0.32              0.74         0.32

EXEC_RA_INST                                         0         -nan%                0         -nan%
EXEC_NONRA_INST                                      0         -nan%                0         -nan%
                                                     0         -nan%                0         -nan%
                                                  -nan         -nan              -nan         -nan

EXEC_ON_PATH_INST_RA                                 0         -nan%                0         -nan%
EXEC_OFF_PATH_INST_RA                                0         -nan%                0         -nan%
                                                     0         -nan%                0         -nan%
                                                  -nan         -nan              -nan         -nan

EXEC_ON_PATH_INST_NONRA                              0         -nan%                0         -nan%
EXEC_OFF_PATH_INST_NONRA                             0         -nan%                0         -nan%
                                                     0         -nan%                0         -nan%
                                                  -nan         -nan              -nan         -nan

EXEC_RA_ON_PATH_INST                                 0         -nan%                0         -nan%
EXEC_RA_OFF_PATH_INST                                0         -nan%                0         -nan%
EXEC_NONRA_ON_PATH_INST                              0         -nan%                0         -nan%
EXEC_NONRA_OFF_PATH_INST                             0         -nan%                0         -nan%
                                                     0         -nan%                0         -nan%
                                                  -nan         -nan              -nan         -nan

ICACHE_THROTTLE_CYCLE                                0                              0              

FETCH_ENABLE_THROTTLE_OFF_PATH                       0         -nan%                0         -nan%
FETCH_ENABLE_THROTTLE_ON_PATH                        0         -nan%                0         -nan%
                                                     0         -nan%                0         -nan%
                                                  -nan         -nan              -nan         -nan

FETCH_DISABLE_THROTTLE_OFF_PATH                      0         -nan%                0         -nan%
FETCH_DISABLE_THROTTLE_ON_PATH                       0         -nan%                0         -nan%
                                                     0         -nan%                0         -nan%
                                                  -nan         -nan              -nan         -nan

FETCH_TH_ADJUST__0                                   0         -nan%                0         -nan%
FETCH_TH_ADJUST__1                                   0         -nan%                0         -nan%
FETCH_TH_ADJUST__2                                   0         -nan%                0         -nan%
FETCH_TH_ADJUST__3                                   0         -nan%                0         -nan%
FETCH_TH_ADJUST__4                                   0         -nan%                0         -nan%
FETCH_TH_ADJUST__5                                   0         -nan%                0         -nan%
FETCH_TH_ADJUST__6                                   0         -nan%                0         -nan%
FETCH_TH_ADJUST__7                                   0         -nan%                0         -nan%
FETCH_TH_ADJUST__8                                   0         -nan%                0         -nan%
FETCH_TH_ADJUST__9                                   0         -nan%                0         -nan%
FETCH_TH_ADJUST__MAX                                 0         -nan%                0         -nan%
                                                     0         -nan%                0         -nan%
                                                  -nan         -nan              -nan         -nan

FETCH_TH_ADJUST_UP                                   0         -nan%                0         -nan%
FETCH_TH_ADJUST_DOWN                                 0         -nan%                0         -nan%
FETCH_TH_ADJUST_SAME                                 0         -nan%                0         -nan%
                                                     0         -nan%                0         -nan%
                                                  -nan         -nan              -nan         -nan

THROTTLE_ADJUST_CACHE_MISS_INFO                      0                              0              

LOW_CONF_COUNT_BP_MIS_0                              0         -nan%                0         -nan%
LOW_CONF_COUNT_BP_MIS_1                              0         -nan%                0         -nan%
LOW_CONF_COUNT_BP_MIS_2                              0         -nan%                0         -nan%
LOW_CONF_COUNT_BP_MIS_3                              0         -nan%                0         -nan%
LOW_CONF_COUNT_BP_MIS_4                              0         -nan%                0         -nan%
LOW_CONF_COUNT_BP_MIS_5                              0         -nan%                0         -nan%
LOW_CONF_COUNT_BP_MIS_6                              0         -nan%                0         -nan%
LOW_CONF_COUNT_BP_MIS_7                              0         -nan%                0         -nan%
LOW_CONF_COUNT_BP_MIS_8                              0         -nan%                0         -nan%
LOW_CONF_COUNT_BP_MIS_9                              0         -nan%                0         -nan%
LOW_CONF_COUNT_BP_MIS_10                             0         -nan%                0         -nan%
LOW_CONF_COUNT_BP_MIS_11                             0         -nan%                0         -nan%
LOW_CONF_COUNT_BP_MIS_12                             0         -nan%                0         -nan%
LOW_CONF_COUNT_BP_MIS_13                             0         -nan%                0         -nan%
LOW_CONF_COUNT_BP_MIS_14                             0         -nan%                0         -nan%
LOW_CONF_COUNT_BP_MIS_15                             0         -nan%                0         -nan%
LOW_CONF_COUNT_BP_MIS_16                             0         -nan%                0         -nan%
LOW_CONF_COUNT_BP_MIS_17                             0         -nan%                0         -nan%
LOW_CONF_COUNT_BP_MIS_18                             0         -nan%                0         -nan%
LOW_CONF_COUNT_BP_MIS_19                             0         -nan%                0         -nan%
LOW_CONF_COUNT_BP_MIS_20                             0         -nan%                0         -nan%
                                                     0         -nan%                0         -nan%
                                                  -nan         -nan              -nan         -nan

LOW_CONF_COUNT_RET_0                                 0         -nan%                0         -nan%
LOW_CONF_COUNT_RET_1                                 0         -nan%                0         -nan%
LOW_CONF_COUNT_RET_2                                 0         -nan%                0         -nan%
LOW_CONF_COUNT_RET_3                                 0         -nan%                0         -nan%
LOW_CONF_COUNT_RET_4                                 0         -nan%                0         -nan%
LOW_CONF_COUNT_RET_5                                 0         -nan%                0         -nan%
LOW_CONF_COUNT_RET_6                                 0         -nan%                0         -nan%
LOW_CONF_COUNT_RET_7                                 0         -nan%                0         -nan%
LOW_CONF_COUNT_RET_8                                 0         -nan%                0         -nan%
LOW_CONF_COUNT_RET_9                                 0         -nan%                0         -nan%
LOW_CONF_COUNT_RET_10                                0         -nan%                0         -nan%
LOW_CONF_COUNT_RET_11                                0         -nan%                0         -nan%
LOW_CONF_COUNT_RET_12                                0         -nan%                0         -nan%
LOW_CONF_COUNT_RET_13                                0         -nan%                0         -nan%
LOW_CONF_COUNT_RET_14                                0         -nan%                0         -nan%
LOW_CONF_COUNT_RET_15                                0         -nan%                0         -nan%
LOW_CONF_COUNT_RET_16                                0         -nan%                0         -nan%
LOW_CONF_COUNT_RET_17                                0         -nan%                0         -nan%
LOW_CONF_COUNT_RET_18                                0         -nan%                0         -nan%
LOW_CONF_COUNT_RET_19                                0         -nan%                0         -nan%
LOW_CONF_COUNT_RET_20                                0         -nan%                0         -nan%
                                                     0         -nan%                0         -nan%
                                                  -nan         -nan              -nan         -nan

CYCLES_RESTEER_MISPRED                               0         -nan%                0         -nan%
CYCLES_RESTEER_MISFETCH                              0         -nan%                0         -nan%
CYCLES_RESTEER_BTB_MISS                              0         -nan%                0         -nan%
                                                     0         -nan%                0         -nan%
                                                  -nan         -nan              -nan         -nan

CYCLES_RESTEER_MISPRED_SAVED_UC_FETCH                0         -nan%                0         -nan%
CYCLES_RESTEER_MISPRED_COULD_BE_SAVED_UC_FETCH             0         -nan%                0         -nan%
CYCLES_RESTEER_MISFETCH_SAVED_UC_FETCH               0         -nan%                0         -nan%
CYCLES_RESTEER_MISFETCH_COULD_BE_SAVED_UC_FETCH             0         -nan%                0         -nan%
CYCLES_RESTEER_BTB_MISS_SAVED_UC_FETCH               0         -nan%                0         -nan%
CYCLES_RESTEER_BTB_MISS_COULD_BE_SAVED_UC_FETCH             0         -nan%                0         -nan%
                                                     0         -nan%                0         -nan%
                                                  -nan         -nan              -nan         -nan

CYCLES_UOC_IC_SWITCH                                 0                              0              



