/* -*- Mode: c -*- */
####################################################################################################
Core 0
####################################################################################################
Cumulative:        Cycles: 45593180              Instructions: 99999999              IPC: 2.19331

Periodic:          Cycles: 45593180              Instructions: 99999999              IPC: 2.19331

EXECUTION_TIME                           14247868750000                  14247868750000              

NODE_CYCLE                                    45593180                       45593180              

NODE_INST_COUNT                               99999999                       99999999              

NODE_INST_COUNT_FETCHED                              0                              0              

NODE_UOP_COUNT                               127666159                      127666159              

FULL_WINDOW_STALL                              1934342        4.243%          1934342        4.243%

FULL_WINDOW_MEM_OP                             1021726       91.480%          1021726       91.480%
FULL_WINDOW_FP_OP                                    6        0.001%                6        0.001%
FULL_WINDOW_OTHER_OP                             95152        8.519%            95152        8.519%
                                               1116884      100.000%          1116884      100.000%
                                                  0.17         0.54              0.17         0.54

RET_BLOCKED_DC_MISS                            7936003       17.406%          7936003       17.406%

RET_BLOCKED_L1_MISS                              98363        0.216%            98363        0.216%

RET_BLOCKED_L1_MISS_BW_PREF                       1112        0.002%             1112        0.002%

RET_BLOCKED_L1_ACCESS                          7837641       17.190%          7837641       17.190%

RET_BLOCKED_MEM_STALL                           101077        0.222%           101077        0.222%

RET_BLOCKED_OFFCHIP_DEMAND                           0        0.000%                0        0.000%

OP_ISSUED                                    141131903                      141131903              

OP_RETIRED                                   127666159                      127666159              

REPLAY_SIGNALED                                      0                              0              

REPLAY_COUNTED                                       0                              0              

OFF_CRITICAL_PATH                                    0         -nan%                0         -nan%
ON_CRITICAL_PATH                                     0         -nan%                0         -nan%
                                                     0         -nan%                0         -nan%
                                                  -nan         -nan              -nan         -nan

LD_NO_DEPENDENTS                               2114098        7.436%          2114098        7.436%
LD_DEPENDENTS                                 26316050       92.564%         26316050       92.564%
                                              28430148      100.000%         28430148      100.000%
                                                  0.93         0.89              0.93         0.89

LD_EXEC_CYCLES_0                                     0        0.000%                0        0.000%
LD_EXEC_CYCLES_1                                     0        0.000%                0        0.000%
LD_EXEC_CYCLES_2                                     0        0.000%                0        0.000%
LD_EXEC_CYCLES_3                                  2799       49.122%             2799       49.122%
LD_EXEC_CYCLES_4                                  2899       50.878%             2899       50.878%
                                                  5698      100.000%             5698      100.000%
                                                  3.51         2.55              3.51         2.55

ICACHE_STAGE_STARVED                          15340493       35.111%         15340493       35.111%
ICACHE_STAGE_NOT_STARVED                      28351152       64.889%         28351152       64.889%
                                              43691645      100.000%         43691645      100.000%
                                                  0.65         0.59              0.65         0.59

ICACHE_STAGE_STALLED                           1548149        3.396%          1548149        3.396%
ICACHE_STAGE_NOT_STALLED                      36440863       79.926%         36440863       79.926%
ICACHE_STAGE_OFF_PATH                          7604168       16.678%          7604168       16.678%
                                              45593180      100.000%         45593180      100.000%
                                                  1.13         0.59              1.13         0.59

DECODE_STAGE_STARVED                          29767377       72.536%         29767377       72.536%
DECODE_STAGE_NOT_STARVED                      11270760       27.464%         11270760       27.464%
                                              41038137      100.000%         41038137      100.000%
                                                  0.27         0.41              0.27         0.41

DECODE_STAGE_STALLED                            677383        1.486%           677383        1.486%
DECODE_STAGE_NOT_STALLED                      40360754       88.524%         40360754       88.524%
DECODE_STAGE_OFF_PATH                          4555043        9.991%          4555043        9.991%
                                              45593180      100.000%         45593180      100.000%
                                                  1.09         0.46              1.09         0.46

UOPQ_STAGE_STARVED                            27109854       65.871%         27109854       65.871%
UOPQ_STAGE_NOT_STARVED                        14046366       34.129%         14046366       34.129%
                                              41156220      100.000%         41156220      100.000%
                                                  0.34         0.43              0.34         0.43

UOPQ_STAGE_STALLED                             1237951        2.715%          1237951        2.715%
UOPQ_STAGE_NOT_STALLED                        41156220       90.268%         41156220       90.268%
UOPQ_STAGE_OFF_PATH                            3199009        7.016%          3199009        7.016%
                                              45593180      100.000%         45593180      100.000%
                                                  1.04         0.38              1.04         0.38

MAP_STAGE_STARVED                             11086360       26.642%         11086360       26.642%
MAP_STAGE_NOT_STARVED                         30526342       73.358%         30526342       73.358%
                                              41612702      100.000%         41612702      100.000%
                                                  0.73         0.67              0.73         0.67

MAP_STAGE_STALLED                              1614424        3.541%          1614424        3.541%
MAP_STAGE_NOT_STALLED                         39998278       87.729%         39998278       87.729%
MAP_STAGE_OFF_PATH                             3980478        8.730%          3980478        8.730%
                                              45593180      100.000%         45593180      100.000%
                                                  1.05         0.42              1.05         0.42

EXEC_STAGE_STARVED                            30880320       67.730%         30880320       67.730%
EXEC_STAGE_NOT_STARVED                        12145981       26.640%         12145981       26.640%
EXEC_STAGE_OFF_PATH                            2566879        5.630%          2566879        5.630%
                                              45593180      100.000%         45593180      100.000%
                                                  0.38         0.51              0.38         0.51

FU_BUSY_0                                     33437804                       33437804              

FU_BUSY_1                                     23835327                       23835327              

FU_BUSY_2                                     15759996                       15759996              

FU_BUSY_3                                     14412802                       14412802              

FU_BUSY_4                                     14575961                       14575961              

FU_BUSY_5                                     16423124                       16423124              

FU_BUSY_6                                     15356080                       15356080              

FU_BUSY_7                                     16111998                       16111998              

FU_BUSY_8                                            0                              0              

FU_BUSY_9                                            0                              0              

FU_BUSY_10                                           0                              0              

FU_BUSY_11                                           0                              0              

FU_BUSY_12                                           0                              0              

FU_BUSY_13                                           0                              0              

FU_BUSY_14                                           0                              0              

FU_BUSY_15                                           0                              0              

FU_BUSY_16                                           0                              0              

FU_BUSY_17                                           0                              0              

FU_BUSY_18                                           0                              0              

FU_BUSY_19                                           0                              0              

FU_BUSY_20                                           0                              0              

FU_BUSY_21                                           0                              0              

FU_BUSY_22                                           0                              0              

FU_BUSY_23                                           0                              0              

FU_BUSY_24                                           0                              0              

FU_BUSY_25                                           0                              0              

FU_BUSY_26                                           0                              0              

FU_BUSY_27                                           0                              0              

FU_BUSY_28                                           0                              0              

FU_BUSY_29                                           0                              0              

FU_BUSY_30                                           0                              0              

FU_BUSY_31                                           0                              0              

FU_REJECTED_OP_INV_NOT_SIMD                          0        0.000%                0        0.000%
FU_REJECTED_OP_NOP_NOT_SIMD                      10300        0.084%            10300        0.084%
FU_REJECTED_OP_CF_NOT_SIMD                      139684        1.144%           139684        1.144%
FU_REJECTED_OP_MOV_NOT_SIMD                     125533        1.028%           125533        1.028%
FU_REJECTED_OP_CMOV_NOT_SIMD                      6952        0.057%             6952        0.057%
FU_REJECTED_OP_LDA_NOT_SIMD                      34393        0.282%            34393        0.282%
FU_REJECTED_OP_IMEM_NOT_SIMD                     10837        0.089%            10837        0.089%
FU_REJECTED_OP_IADD_NOT_SIMD                  11191205       91.649%         11191205       91.649%
FU_REJECTED_OP_IMUL_NOT_SIMD                    237457        1.945%           237457        1.945%
FU_REJECTED_OP_IDIV_NOT_SIMD                      8828        0.072%             8828        0.072%
FU_REJECTED_OP_ICMP_NOT_SIMD                     69621        0.570%            69621        0.570%
FU_REJECTED_OP_LOGIC_NOT_SIMD                    71420        0.585%            71420        0.585%
FU_REJECTED_OP_SHIFT_NOT_SIMD                   105299        0.862%           105299        0.862%
FU_REJECTED_OP_FMEM_NOT_SIMD                      9163        0.075%             9163        0.075%
FU_REJECTED_OP_FCVT_NOT_SIMD                        10        0.000%               10        0.000%
FU_REJECTED_OP_FADD_NOT_SIMD                       243        0.002%              243        0.002%
FU_REJECTED_OP_FMUL_NOT_SIMD                         0        0.000%                0        0.000%
FU_REJECTED_OP_FMA_NOT_SIMD                          0        0.000%                0        0.000%
FU_REJECTED_OP_FDIV_NOT_SIMD                         0        0.000%                0        0.000%
FU_REJECTED_OP_FCMP_NOT_SIMD                         0        0.000%                0        0.000%
FU_REJECTED_OP_FCMOV_NOT_SIMD                        0        0.000%                0        0.000%
FU_REJECTED_OP_GATHER_NOT_SIMD                       0        0.000%                0        0.000%
FU_REJECTED_OP_SCATTER_NOT_SIMD                      0        0.000%                0        0.000%
FU_REJECTED_OP_PIPELINED_FAST_NOT_SIMD               0        0.000%                0        0.000%
FU_REJECTED_OP_PIPELINED_MEDIUM_NOT_SIMD             0        0.000%                0        0.000%
FU_REJECTED_OP_PIPELINED_SLOW_NOT_SIMD               0        0.000%                0        0.000%
FU_REJECTED_OP_NOTPIPELINED_MEDIUM_NOT_SIMD             6        0.000%                6        0.000%
FU_REJECTED_OP_NOTPIPELINED_SLOW_NOT_SIMD             0        0.000%                0        0.000%
FU_REJECTED_OP_NOTPIPELINED_VERY_SLOW_NOT_SIMD          4856        0.040%             4856        0.040%
FU_REJECTED_OP_INV_SIMD                              0        0.000%                0        0.000%
FU_REJECTED_OP_NOP_SIMD                              0        0.000%                0        0.000%
FU_REJECTED_OP_CF_SIMD                               0        0.000%                0        0.000%
FU_REJECTED_OP_MOV_SIMD                            833        0.007%              833        0.007%
FU_REJECTED_OP_CMOV_SIMD                             0        0.000%                0        0.000%
FU_REJECTED_OP_LDA_SIMD                              0        0.000%                0        0.000%
FU_REJECTED_OP_IMEM_SIMD                             0        0.000%                0        0.000%
FU_REJECTED_OP_IADD_SIMD                             0        0.000%                0        0.000%
FU_REJECTED_OP_IMUL_SIMD                             8        0.000%                8        0.000%
FU_REJECTED_OP_IDIV_SIMD                             0        0.000%                0        0.000%
FU_REJECTED_OP_ICMP_SIMD                             0        0.000%                0        0.000%
FU_REJECTED_OP_LOGIC_SIMD                         2014        0.016%             2014        0.016%
FU_REJECTED_OP_SHIFT_SIMD                         1490        0.012%             1490        0.012%
FU_REJECTED_OP_FMEM_SIMD                             0        0.000%                0        0.000%
FU_REJECTED_OP_FCVT_SIMD                           180        0.001%              180        0.001%
FU_REJECTED_OP_FADD_SIMD                        170558        1.397%           170558        1.397%
FU_REJECTED_OP_FMUL_SIMD                           183        0.001%              183        0.001%
FU_REJECTED_OP_FMA_SIMD                              3        0.000%                3        0.000%
FU_REJECTED_OP_FDIV_SIMD                             0        0.000%                0        0.000%
FU_REJECTED_OP_FCMP_SIMD                             0        0.000%                0        0.000%
FU_REJECTED_OP_FCMOV_SIMD                          165        0.001%              165        0.001%
FU_REJECTED_OP_GATHER_SIMD                           3        0.000%                3        0.000%
FU_REJECTED_OP_SCATTER_SIMD                          0        0.000%                0        0.000%
FU_REJECTED_OP_PIPELINED_FAST_SIMD                   0        0.000%                0        0.000%
FU_REJECTED_OP_PIPELINED_MEDIUM_SIMD                 0        0.000%                0        0.000%
FU_REJECTED_OP_PIPELINED_SLOW_SIMD                9631        0.079%             9631        0.079%
FU_REJECTED_OP_NOTPIPELINED_MEDIUM_SIMD              1        0.000%                1        0.000%
FU_REJECTED_OP_NOTPIPELINED_SLOW_SIMD                0        0.000%                0        0.000%
FU_REJECTED_OP_NOTPIPELINED_VERY_SLOW_SIMD             0        0.000%                0        0.000%
                                              12210876      100.000%         12210876      100.000%
                                                  7.57         4.70              7.57         4.70

OP_WAIT_0                                     87488233                       87488233              

OP_WAIT_1                                     20624776                       20624776              

OP_WAIT_2                                      5951556                        5951556              

OP_WAIT_3                                      2834434                        2834434              

OP_WAIT_4                                      1700487                        1700487              

OP_WAIT_5                                      1127688                        1127688              

OP_WAIT_6                                       910240                         910240              

OP_WAIT_7                                       656614                         656614              

OP_WAIT_8                                       535523                         535523              

OP_WAIT_9                                       452382                         452382              

OP_WAIT_10                                      380133                         380133              

OP_WAIT_11                                      325092                         325092              

OP_WAIT_12                                      284296                         284296              

OP_WAIT_13                                      253189                         253189              

OP_WAIT_14                                      222094                         222094              

OP_WAIT_15                                      199008                         199008              

OP_WAIT_16                                      180186                         180186              

OP_WAIT_17                                      162379                         162379              

OP_WAIT_18                                      148389                         148389              

OP_WAIT_19                                      139034                         139034              

OP_WAIT_20                                      128491                         128491              

OP_WAIT_21                                      120700                         120700              

OP_WAIT_22                                      111959                         111959              

OP_WAIT_23                                      104589                         104589              

OP_WAIT_24                                       97960                          97960              

OP_WAIT_25                                       91956                          91956              

OP_WAIT_26                                       87667                          87667              

OP_WAIT_27                                       83171                          83171              

OP_WAIT_28                                       78581                          78581              

OP_WAIT_29                                       74501                          74501              

OP_WAIT_30                                       71587                          71587              

OP_WAIT_31                                     2039495                        2039495              

ROW_SIZE_0                                    13661537                       13661537              

ROW_SIZE_1                                     3895219                        3895219              

ROW_SIZE_2                                     1692876                        1692876              

ROW_SIZE_3                                      978337                         978337              

ROW_SIZE_4                                      682712                         682712              

ROW_SIZE_5                                      595499                         595499              

ROW_SIZE_6                                    18623639                       18623639              

ROW_SIZE_7                                           0                              0              

ROW_SIZE_8                                           0                              0              

ROW_SIZE_9                                           0                              0              

ROW_SIZE_10                                          0                              0              

ROW_SIZE_11                                          0                              0              

ROW_SIZE_12                                          0                              0              

ROW_SIZE_13                                          0                              0              

ROW_SIZE_14                                          0                              0              

ROW_SIZE_15                                          0                              0              

ROW_SIZE_16                                          0                              0              

ROW_SIZE_17                                          0                              0              

ROW_SIZE_18                                          0                              0              

ROW_SIZE_19                                          0                              0              

ROW_SIZE_20                                          0                              0              

ROW_SIZE_21                                          0                              0              

ROW_SIZE_22                                          0                              0              

ROW_SIZE_23                                          0                              0              

ROW_SIZE_24                                          0                              0              

ROW_SIZE_25                                          0                              0              

ROW_SIZE_26                                          0                              0              

ROW_SIZE_27                                          0                              0              

ROW_SIZE_28                                          0                              0              

ROW_SIZE_29                                          0                              0              

ROW_SIZE_30                                          0                              0              

ROW_SIZE_31                                          0                              0              

RET_OP_EXEC_COUNT_0                                  0        0.000%                0        0.000%
RET_OP_EXEC_COUNT_1                          127666159      100.000%        127666159      100.000%
RET_OP_EXEC_COUNT_2                                  0        0.000%                0        0.000%
RET_OP_EXEC_COUNT_3                                  0        0.000%                0        0.000%
RET_OP_EXEC_COUNT_4                                  0        0.000%                0        0.000%
RET_OP_EXEC_COUNT_5                                  0        0.000%                0        0.000%
RET_OP_EXEC_COUNT_6                                  0        0.000%                0        0.000%
RET_OP_EXEC_COUNT_7                                  0        0.000%                0        0.000%
RET_OP_EXEC_COUNT_8                                  0        0.000%                0        0.000%
RET_OP_EXEC_COUNT_9                                  0        0.000%                0        0.000%
RET_OP_EXEC_COUNT_10                                 0        0.000%                0        0.000%
RET_OP_EXEC_COUNT_11                                 0        0.000%                0        0.000%
RET_OP_EXEC_COUNT_12                                 0        0.000%                0        0.000%
RET_OP_EXEC_COUNT_13                                 0        0.000%                0        0.000%
RET_OP_EXEC_COUNT_14                                 0        0.000%                0        0.000%
RET_OP_EXEC_COUNT_15                                 0        0.000%                0        0.000%
RET_OP_EXEC_COUNT_16                                 0        0.000%                0        0.000%
RET_OP_EXEC_COUNT_17                                 0        0.000%                0        0.000%
RET_OP_EXEC_COUNT_18                                 0        0.000%                0        0.000%
RET_OP_EXEC_COUNT_19                                 0        0.000%                0        0.000%
RET_OP_EXEC_COUNT_20                                 0        0.000%                0        0.000%
RET_OP_EXEC_COUNT_21                                 0        0.000%                0        0.000%
RET_OP_EXEC_COUNT_22                                 0        0.000%                0        0.000%
RET_OP_EXEC_COUNT_23                                 0        0.000%                0        0.000%
RET_OP_EXEC_COUNT_24                                 0        0.000%                0        0.000%
RET_OP_EXEC_COUNT_25                                 0        0.000%                0        0.000%
RET_OP_EXEC_COUNT_26                                 0        0.000%                0        0.000%
RET_OP_EXEC_COUNT_27                                 0        0.000%                0        0.000%
RET_OP_EXEC_COUNT_28                                 0        0.000%                0        0.000%
RET_OP_EXEC_COUNT_29                                 0        0.000%                0        0.000%
RET_OP_EXEC_COUNT_30                                 0        0.000%                0        0.000%
RET_OP_EXEC_COUNT_31                                 0        0.000%                0        0.000%
RET_OP_EXEC_COUNT_32                                 0        0.000%                0        0.000%
                                             127666159      100.000%        127666159      100.000%
                                                  1.00         0.00              1.00         0.00

RET_STALL_LENGTH_0                           127665543      100.000%        127665543      100.000%
RET_STALL_LENGTH_100                               552        0.000%              552        0.000%
RET_STALL_LENGTH_200                                34        0.000%               34        0.000%
RET_STALL_LENGTH_300                                11        0.000%               11        0.000%
RET_STALL_LENGTH_400                                 5        0.000%                5        0.000%
RET_STALL_LENGTH_500                                 3        0.000%                3        0.000%
RET_STALL_LENGTH_600                                 3        0.000%                3        0.000%
RET_STALL_LENGTH_700                                 1        0.000%                1        0.000%
RET_STALL_LENGTH_800                                 0        0.000%                0        0.000%
RET_STALL_LENGTH_900                                 1        0.000%                1        0.000%
RET_STALL_LENGTH_1000                                0        0.000%                0        0.000%
RET_STALL_LENGTH_1100                                1        0.000%                1        0.000%
RET_STALL_LENGTH_1200                                4        0.000%                4        0.000%
RET_STALL_LENGTH_1300                                0        0.000%                0        0.000%
RET_STALL_LENGTH_1400                                0        0.000%                0        0.000%
RET_STALL_LENGTH_1500                                0        0.000%                0        0.000%
RET_STALL_LENGTH_1600                                0        0.000%                0        0.000%
RET_STALL_LENGTH_1700                                1        0.000%                1        0.000%
RET_STALL_LENGTH_1800                                0        0.000%                0        0.000%
RET_STALL_LENGTH_1900                                0        0.000%                0        0.000%
RET_STALL_LENGTH_2000                                0        0.000%                0        0.000%
RET_STALL_LENGTH_2100                                0        0.000%                0        0.000%
RET_STALL_LENGTH_2200                                0        0.000%                0        0.000%
RET_STALL_LENGTH_2300                                0        0.000%                0        0.000%
RET_STALL_LENGTH_2400                                0        0.000%                0        0.000%
RET_STALL_LENGTH_2500                                0        0.000%                0        0.000%
RET_STALL_LENGTH_2600                                0        0.000%                0        0.000%
RET_STALL_LENGTH_2700                                0        0.000%                0        0.000%
RET_STALL_LENGTH_2800                                0        0.000%                0        0.000%
RET_STALL_LENGTH_2900                                0        0.000%                0        0.000%
RET_STALL_LENGTH_3000                                0        0.000%                0        0.000%
RET_STALL_LENGTH_3100                                0        0.000%                0        0.000%
RET_STALL_LENGTH_3200                                0        0.000%                0        0.000%
RET_STALL_LENGTH_3300                                0        0.000%                0        0.000%
RET_STALL_LENGTH_3400                                0        0.000%                0        0.000%
RET_STALL_LENGTH_3500                                0        0.000%                0        0.000%
RET_STALL_LENGTH_3600                                0        0.000%                0        0.000%
RET_STALL_LENGTH_3700                                0        0.000%                0        0.000%
RET_STALL_LENGTH_3800                                0        0.000%                0        0.000%
RET_STALL_LENGTH_3900                                0        0.000%                0        0.000%
RET_STALL_LENGTH_4000                                0        0.000%                0        0.000%
RET_STALL_LENGTH_4100                                0        0.000%                0        0.000%
RET_STALL_LENGTH_4200                                0        0.000%                0        0.000%
RET_STALL_LENGTH_4300                                0        0.000%                0        0.000%
RET_STALL_LENGTH_4400                                0        0.000%                0        0.000%
RET_STALL_LENGTH_4500                                0        0.000%                0        0.000%
RET_STALL_LENGTH_4600                                0        0.000%                0        0.000%
RET_STALL_LENGTH_4700                                0        0.000%                0        0.000%
RET_STALL_LENGTH_4800                                0        0.000%                0        0.000%
RET_STALL_LENGTH_4900                                0        0.000%                0        0.000%
RET_STALL_LENGTH_5000                                0        0.000%                0        0.000%
                                             127666159      100.000%        127666159      100.000%
                                                  0.00         0.00              0.00         0.00

MEM_BLOCK_LENGTH_0                                2684       99.926%             2684       99.926%
MEM_BLOCK_LENGTH_100                                 1        0.037%                1        0.037%
MEM_BLOCK_LENGTH_200                                 0        0.000%                0        0.000%
MEM_BLOCK_LENGTH_300                                 0        0.000%                0        0.000%
MEM_BLOCK_LENGTH_400                                 0        0.000%                0        0.000%
MEM_BLOCK_LENGTH_500                                 0        0.000%                0        0.000%
MEM_BLOCK_LENGTH_600                                 0        0.000%                0        0.000%
MEM_BLOCK_LENGTH_700                                 0        0.000%                0        0.000%
MEM_BLOCK_LENGTH_800                                 0        0.000%                0        0.000%
MEM_BLOCK_LENGTH_900                                 0        0.000%                0        0.000%
MEM_BLOCK_LENGTH_1000                                0        0.000%                0        0.000%
MEM_BLOCK_LENGTH_1100                                0        0.000%                0        0.000%
MEM_BLOCK_LENGTH_1200                                1        0.037%                1        0.037%
MEM_BLOCK_LENGTH_1300                                0        0.000%                0        0.000%
MEM_BLOCK_LENGTH_1400                                0        0.000%                0        0.000%
MEM_BLOCK_LENGTH_1500                                0        0.000%                0        0.000%
MEM_BLOCK_LENGTH_1600                                0        0.000%                0        0.000%
MEM_BLOCK_LENGTH_1700                                0        0.000%                0        0.000%
MEM_BLOCK_LENGTH_1800                                0        0.000%                0        0.000%
MEM_BLOCK_LENGTH_1900                                0        0.000%                0        0.000%
MEM_BLOCK_LENGTH_2000                                0        0.000%                0        0.000%
MEM_BLOCK_LENGTH_2100                                0        0.000%                0        0.000%
MEM_BLOCK_LENGTH_2200                                0        0.000%                0        0.000%
MEM_BLOCK_LENGTH_2300                                0        0.000%                0        0.000%
MEM_BLOCK_LENGTH_2400                                0        0.000%                0        0.000%
MEM_BLOCK_LENGTH_2500                                0        0.000%                0        0.000%
MEM_BLOCK_LENGTH_2600                                0        0.000%                0        0.000%
MEM_BLOCK_LENGTH_2700                                0        0.000%                0        0.000%
MEM_BLOCK_LENGTH_2800                                0        0.000%                0        0.000%
MEM_BLOCK_LENGTH_2900                                0        0.000%                0        0.000%
MEM_BLOCK_LENGTH_3000                                0        0.000%                0        0.000%
MEM_BLOCK_LENGTH_3100                                0        0.000%                0        0.000%
MEM_BLOCK_LENGTH_3200                                0        0.000%                0        0.000%
MEM_BLOCK_LENGTH_3300                                0        0.000%                0        0.000%
MEM_BLOCK_LENGTH_3400                                0        0.000%                0        0.000%
MEM_BLOCK_LENGTH_3500                                0        0.000%                0        0.000%
MEM_BLOCK_LENGTH_3600                                0        0.000%                0        0.000%
MEM_BLOCK_LENGTH_3700                                0        0.000%                0        0.000%
MEM_BLOCK_LENGTH_3800                                0        0.000%                0        0.000%
MEM_BLOCK_LENGTH_3900                                0        0.000%                0        0.000%
MEM_BLOCK_LENGTH_4000                                0        0.000%                0        0.000%
MEM_BLOCK_LENGTH_4100                                0        0.000%                0        0.000%
MEM_BLOCK_LENGTH_4200                                0        0.000%                0        0.000%
MEM_BLOCK_LENGTH_4300                                0        0.000%                0        0.000%
MEM_BLOCK_LENGTH_4400                                0        0.000%                0        0.000%
MEM_BLOCK_LENGTH_4500                                0        0.000%                0        0.000%
MEM_BLOCK_LENGTH_4600                                0        0.000%                0        0.000%
MEM_BLOCK_LENGTH_4700                                0        0.000%                0        0.000%
MEM_BLOCK_LENGTH_4800                                0        0.000%                0        0.000%
MEM_BLOCK_LENGTH_4900                                0        0.000%                0        0.000%
MEM_BLOCK_LENGTH_5000                                0        0.000%                0        0.000%
                                                  2686      100.000%             2686      100.000%
                                                  0.00         0.23              0.00         0.23

FUS_BUSY_ON_PATH                             142371997        3.1227        142371997        3.1227

FUS_BUSY_OFF_PATH                              7541095        0.1654          7541095        0.1654

FU_BUSY_MEM_STALL                             13861092        0.3040         13861092        0.3040

FUS_EMPTY                                    214832348        4.7119        214832348        4.7119

FU_UNAVAILABLE                                  844521        0.0185           844521        0.0185

FU_MEM_UNAVAILABLE                            11366586        0.2493         11366586        0.2493

FU_REPLAY                                            0        0.0000                0        0.0000

FU_STARVED                                   214207542        4.6982        214207542        4.6982

CHIP_UTILIZATION                                     0        0.0000                0        0.0000

CYCLES_UNDER_MEM_REQ                                 0                              0              

CYCLES_UNDER_NO_MEM_REQ                              0                              0              

CYCLES_UNDER_CRITICAL_MEM_REQ                        0                              0              

CYCLES_UNDER_NONCRITICAL_MEM_REQ                     0                              0              

CHIP_UTILIZATION_UNDER_MEM_REQ                       0          -nan                0          -nan

CHIP_UTILIZATION_UNDER_NO_MEM_REQ                    0          -nan                0          -nan

CHIP_UTILIZATION_UNDER_CRITICAL_MEM_REQ              0          -nan                0          -nan

CHIP_UTILIZATION_UNDER_NONCRITICAL_MEM_REQ             0          -nan                0          -nan

CYCLES_NOT_WAITING_FOR_OFF_CHIP                      0        0.0000                0        0.0000

FUS_BUSY_NOT_WAITING_FOR_OFF_CHIP                    0          -nan                0          -nan

CYCLES_WAITING_FOR_OFF_CHIP                          0        0.0000                0        0.0000

FUS_BUSY_WAITING_FOR_OFF_CHIP                        0          -nan                0          -nan

TOTAL_OFF_CHIP_DELAYS_LEFT                           0                              0              

WRONG_IO_SCHED                                       0                              0              

DVFS_CONFIG_SWITCH                                   0                              0              

MAP_STAGE_RECEIVED_OPS_0                             0        0.000%                0        0.000%
MAP_STAGE_RECEIVED_OPS_1                       2238866        7.786%          2238866        7.786%
MAP_STAGE_RECEIVED_OPS_2                       2709145        9.421%          2709145        9.421%
MAP_STAGE_RECEIVED_OPS_3                       2651561        9.221%          2651561        9.221%
MAP_STAGE_RECEIVED_OPS_4                       2736923        9.518%          2736923        9.518%
MAP_STAGE_RECEIVED_OPS_5                       9530170       33.142%          9530170       33.142%
MAP_STAGE_RECEIVED_OPS_6                       8888696       30.911%          8888696       30.911%
MAP_STAGE_RECEIVED_OPS_7                             0        0.000%                0        0.000%
MAP_STAGE_RECEIVED_OPS_8                             0        0.000%                0        0.000%
MAP_STAGE_RECEIVED_OPS_MAX                           0        0.000%                0        0.000%
                                              28755361      100.000%         28755361      100.000%
                                                  4.44         1.60              4.44         1.60

MAP_STAGE_WAIT_FOR_DECODE                            0         -nan%                0         -nan%
MAP_STAGE_CONSUME_DECODE                             0         -nan%                0         -nan%
                                                     0         -nan%                0         -nan%
                                                  -nan         -nan              -nan         -nan

MAP_STAGE_WAIT_FOR_DECODE2                           0         -nan%                0         -nan%
MAP_STAGE_CONSUME_DECODE2                            0         -nan%                0         -nan%
                                                     0         -nan%                0         -nan%
                                                  -nan         -nan              -nan         -nan

FTQ_RECOVER_EXEC                                164515                         164515              

FTQ_RECOVER_DECODE                              289462                         289462              

FTQ_OFFPATH_CYCLES                            12351688                       12351688              

FTQ_CYCLES_OFFPATH                            22056248                       22056248              

FTQ_CYCLES_ONPATH                             23536932                       23536932              

FTQ_FETCHED_INS_OFFPATH                      182899776                      182899776              

FTQ_FETCHED_INS_ONPATH                       127212182                      127212182              

FTQ_BREAK_FULL_FT_ONPATH                      19904104       86.229%         19904104       86.229%
FTQ_BREAK_MAX_CFS_TAKEN_ONPATH                 1787160        7.742%          1787160        7.742%
FTQ_BREAK_MAX_BYTES_ONPATH                      204424        0.886%           204424        0.886%
FTQ_BREAK_PRED_BR_ONPATH                             0        0.000%                0        0.000%
FTQ_BREAK_BAR_FETCH_ONPATH                     1187208        5.143%          1187208        5.143%
                                              23082896      100.000%         23082896      100.000%
                                                  0.30         0.88              0.30         0.88

FTQ_BREAK_FULL_FT_OFFPATH                     18268607       81.157%         18268607       81.157%
FTQ_BREAK_MAX_CFS_TAKEN_OFFPATH                2368969       10.524%          2368969       10.524%
FTQ_BREAK_MAX_BYTES_OFFPATH                    1747547        7.763%          1747547        7.763%
FTQ_BREAK_PRED_BR_OFFPATH                            0        0.000%                0        0.000%
FTQ_BREAK_BAR_FETCH_OFFPATH                     125102        0.556%           125102        0.556%
                                              22510225      100.000%         22510225      100.000%
                                                  0.28         0.60              0.28         0.60



