/* -*- Mode: c -*- */
####################################################################################################
Core 0
####################################################################################################
Cumulative:        Cycles: 51996689              Instructions: 99999999              IPC: 1.92320

Periodic:          Cycles: 51996689              Instructions: 99999999              IPC: 1.92320

ST_OP_INV                                            0        0.000%                0        0.000%
ST_OP_NOP                                      9321448        3.687%          9321448        3.687%
ST_OP_CF                                      37104342       14.677%         37104342       14.677%
ST_OP_MOV                                     25613216       10.131%         25613216       10.131%
ST_OP_CMOV                                      318796        0.126%           318796        0.126%
ST_OP_LDA                                      9133883        3.613%          9133883        3.613%
ST_OP_ILD                                     61941819       24.501%         61941819       24.501%
ST_OP_IST                                     25941369       10.261%         25941369       10.261%
ST_OP_IADD                                    42371016       16.760%         42371016       16.760%
ST_OP_IMUL                                       37479        0.015%            37479        0.015%
ST_OP_IDIV                                        6134        0.002%             6134        0.002%
ST_OP_ICMP                                    16834444        6.659%         16834444        6.659%
ST_OP_LOGIC                                   18236084        7.213%         18236084        7.213%
ST_OP_SHIFT                                    4874103        1.928%          4874103        1.928%
ST_OP_FLD                                       431623        0.171%           431623        0.171%
ST_OP_FST                                       477743        0.189%           477743        0.189%
ST_OP_FCVT                                       57990        0.023%            57990        0.023%
ST_OP_FADD                                       40192        0.016%            40192        0.016%
ST_OP_FMUL                                       17439        0.007%            17439        0.007%
ST_OP_FMA                                            0        0.000%                0        0.000%
ST_OP_FDIV                                        5940        0.002%             5940        0.002%
ST_OP_FCMP                                       40431        0.016%            40431        0.016%
ST_OP_FCMOV                                          0        0.000%                0        0.000%
ST_OP_GATHER                                         0        0.000%                0        0.000%
ST_OP_SCATTER                                        0        0.000%                0        0.000%
ST_OP_PIPELINED_FAST                              1947        0.001%             1947        0.001%
ST_OP_PIPELINED_MEDIUM                               0        0.000%                0        0.000%
ST_OP_PIPELINED_SLOW                                 0        0.000%                0        0.000%
ST_OP_NOTPIPELINED_MEDIUM                         1311        0.001%             1311        0.001%
ST_OP_NOTPIPELINED_SLOW                           1217        0.000%             1217        0.000%
ST_OP_NOTPIPELINED_VERY_SLOW                      1021        0.000%             1021        0.000%
                                             252810987      100.000%        252810987      100.000%
                                                  6.26         3.24              6.26         3.24

ST_NOT_CF                                    215706645       85.323%        215706645       85.323%
ST_CF_BR                                       1943799        0.769%          1943799        0.769%
ST_CF_CBR                                     26719654       10.569%         26719654       10.569%
ST_CF_CALL                                     2492375        0.986%          2492375        0.986%
ST_CF_IBR                                       717181        0.284%           717181        0.284%
ST_CF_ICALL                                    1396578        0.552%          1396578        0.552%
ST_CF_ICO                                            0        0.000%                0        0.000%
ST_CF_RET                                      3833107        1.516%          3833107        1.516%
ST_CF_SYS                                         1648        0.001%             1648        0.001%
                                             252810987      100.000%        252810987      100.000%
                                                  0.39         1.08              0.39         1.08

ST_BAR_NONE                                  252807101       99.998%        252807101       99.998%
ST_BAR_FETCH                                      3886        0.002%             3886        0.002%
ST_BAR_ISSUE                                         0        0.000%                0        0.000%
ST_BAR_BOTH                                          0        0.000%                0        0.000%
                                             252810987      100.000%        252810987      100.000%
                                                  0.00         0.00              0.00         0.00

ST_NOT_MEM                                   164018433       64.878%        164018433       64.878%
ST_MEM_LD                                     62373442       24.672%         62373442       24.672%
ST_MEM_ST                                     26419112       10.450%         26419112       10.450%
ST_MEM_PF                                            0        0.000%                0        0.000%
ST_MEM_WH                                            0        0.000%                0        0.000%
ST_MEM_EVICT                                         0        0.000%                0        0.000%
                                             252810987      100.000%        252810987      100.000%
                                                  0.46         0.57              0.46         0.57

ST_NOT_MEM_OFFPATH                           109659449       65.212%        109659449       65.212%
ST_MEM_LD_OFFPATH                             41918352       24.928%         41918352       24.928%
ST_MEM_ST_OFFPATH                             16581277        9.860%         16581277        9.860%
ST_MEM_PF_OFFPATH                                    0        0.000%                0        0.000%
ST_MEM_WH_OFFPATH                                    0        0.000%                0        0.000%
ST_MEM_EVIC_OFFPATHT                                 0        0.000%                0        0.000%
                                             168159078      100.000%        168159078      100.000%
                                                  0.45         0.56              0.45         0.56

ST_OP_ONPATH                                 252810987                      252810987              

ST_OP_OFFPATH                                168159078                      168159078              

ST_FAKE_OP_OFFPATH                             9112191        5.419%          9112191        5.419%
ST_NOT_FAKE_OP_OFFPATH                       159046887       94.581%        159046887       94.581%
                                             168159078      100.000%        168159078      100.000%
                                                  0.95         0.92              0.95         0.92

ST_FAKE_REASON_NOT_FAKE                      159046887       94.581%        159046887       94.581%
ST_FAKE_REASON_REDIRECT_TO_NOT_INSTRUMENTED       9112191        5.419%          9112191        5.419%
ST_FAKE_REASON_RETURN_TO_NOT_INSTRUMENTED             0        0.000%                0        0.000%
ST_FAKE_REASON_NONRET_CF_TO_NOT_INSTRUMENTED             0        0.000%                0        0.000%
ST_FAKE_REASON_NOT_TAKEN_TO_NOT_INSTRUMENTED             0        0.000%                0        0.000%
ST_FAKE_REASON_WRONG_PATH_STORE_TO_NEW_REGION             0        0.000%                0        0.000%
                                             168159078      100.000%        168159078      100.000%
                                                  0.05         0.22              0.05         0.22

ST_INST_ONPATH                               202860357                      202860357              

ST_INST_OFFPATH                              136171919                      136171919              

STATIC_PIN_NOP                                       0                              0              

DYNAMIC_PIN_REP_GREATER_256                          0                              0              

INST_MAP_UPDATE_JITTED                        51965183       70.138%         51965183       70.138%
INST_MAP_UPDATE_NPC_INV                              0        0.000%                0        0.000%
INST_MAP_UPDATE_NPC_NOP                              0        0.000%                0        0.000%
INST_MAP_UPDATE_NPC_CF                               0        0.000%                0        0.000%
INST_MAP_UPDATE_NPC_MOV                              0        0.000%                0        0.000%
INST_MAP_UPDATE_NPC_CMOV                             0        0.000%                0        0.000%
INST_MAP_UPDATE_NPC_LDA                              0        0.000%                0        0.000%
INST_MAP_UPDATE_NPC_IMEM                             0        0.000%                0        0.000%
INST_MAP_UPDATE_NPC_IADD                             0        0.000%                0        0.000%
INST_MAP_UPDATE_NPC_IMUL                        823780        1.112%           823780        1.112%
INST_MAP_UPDATE_NPC_IDIV                             0        0.000%                0        0.000%
INST_MAP_UPDATE_NPC_ICMP                             0        0.000%                0        0.000%
INST_MAP_UPDATE_NPC_LOGIC                            0        0.000%                0        0.000%
INST_MAP_UPDATE_NPC_SHIFT                            0        0.000%                0        0.000%
INST_MAP_UPDATE_NPC_FMEM                             0        0.000%                0        0.000%
INST_MAP_UPDATE_NPC_FCVT                             0        0.000%                0        0.000%
INST_MAP_UPDATE_NPC_FADD                             0        0.000%                0        0.000%
INST_MAP_UPDATE_NPC_FMUL                             0        0.000%                0        0.000%
INST_MAP_UPDATE_NPC_FMA                              0        0.000%                0        0.000%
INST_MAP_UPDATE_NPC_FDIV                             0        0.000%                0        0.000%
INST_MAP_UPDATE_NPC_FCMP                             0        0.000%                0        0.000%
INST_MAP_UPDATE_NPC_FCMOV                            0        0.000%                0        0.000%
INST_MAP_UPDATE_NPC_GATHER                           0        0.000%                0        0.000%
INST_MAP_UPDATE_NPC_SCATTER                          0        0.000%                0        0.000%
INST_MAP_UPDATE_NPC_PIPELINED_FAST                   0        0.000%                0        0.000%
INST_MAP_UPDATE_NPC_PIPELINED_MEDIUM                 0        0.000%                0        0.000%
INST_MAP_UPDATE_NPC_PIPELINED_SLOW                   0        0.000%                0        0.000%
INST_MAP_UPDATE_NPC_NOTPIPELINED_MEDIUM              0        0.000%                0        0.000%
INST_MAP_UPDATE_NPC_NOTPIPELINED_SLOW                0        0.000%                0        0.000%
INST_MAP_UPDATE_NPC_NOTPIPELINED_VERY_SLOW             0        0.000%                0        0.000%
INST_MAP_UPDATE_MEM_INV                              0        0.000%                0        0.000%
INST_MAP_UPDATE_MEM_NOP                         149176        0.201%           149176        0.201%
INST_MAP_UPDATE_MEM_CF                               0        0.000%                0        0.000%
INST_MAP_UPDATE_MEM_MOV                       11677551       15.761%         11677551       15.761%
INST_MAP_UPDATE_MEM_CMOV                          6584        0.009%             6584        0.009%
INST_MAP_UPDATE_MEM_LDA                              0        0.000%                0        0.000%
INST_MAP_UPDATE_MEM_IMEM                             0        0.000%                0        0.000%
INST_MAP_UPDATE_MEM_IADD                             0        0.000%                0        0.000%
INST_MAP_UPDATE_MEM_IMUL                       7081698        9.558%          7081698        9.558%
INST_MAP_UPDATE_MEM_IDIV                           835        0.001%              835        0.001%
INST_MAP_UPDATE_MEM_ICMP                          1382        0.002%             1382        0.002%
INST_MAP_UPDATE_MEM_LOGIC                      1815954        2.451%          1815954        2.451%
INST_MAP_UPDATE_MEM_SHIFT                       513299        0.693%           513299        0.693%
INST_MAP_UPDATE_MEM_FMEM                           180        0.000%              180        0.000%
INST_MAP_UPDATE_MEM_FCVT                             0        0.000%                0        0.000%
INST_MAP_UPDATE_MEM_FADD                             0        0.000%                0        0.000%
INST_MAP_UPDATE_MEM_FMUL                          7105        0.010%             7105        0.010%
INST_MAP_UPDATE_MEM_FMA                           7465        0.010%             7465        0.010%
INST_MAP_UPDATE_MEM_FDIV                           650        0.001%              650        0.001%
INST_MAP_UPDATE_MEM_FCMP                             0        0.000%                0        0.000%
INST_MAP_UPDATE_MEM_FCMOV                          160        0.000%              160        0.000%
INST_MAP_UPDATE_MEM_GATHER                        8358        0.011%             8358        0.011%
INST_MAP_UPDATE_MEM_SCATTER                          0        0.000%                0        0.000%
INST_MAP_UPDATE_MEM_PIPELINED_FAST                   0        0.000%                0        0.000%
INST_MAP_UPDATE_MEM_PIPELINED_MEDIUM                 0        0.000%                0        0.000%
INST_MAP_UPDATE_MEM_PIPELINED_SLOW               30811        0.042%            30811        0.042%
INST_MAP_UPDATE_MEM_NOTPIPELINED_MEDIUM              0        0.000%                0        0.000%
INST_MAP_UPDATE_MEM_NOTPIPELINED_SLOW                0        0.000%                0        0.000%
INST_MAP_UPDATE_MEM_NOTPIPELINED_VERY_SLOW             0        0.000%                0        0.000%
                                              74090171      100.000%         74090171      100.000%
                                                 10.33        13.65             10.33        13.65



