/* -*- Mode: c -*- */
####################################################################################################
Core 0
####################################################################################################
Cumulative:        Cycles: 58509865              Instructions: 99999999              IPC: 1.70911

Periodic:          Cycles: 58509865              Instructions: 99999999              IPC: 1.70911

MISS_WAIT_TIME                           6168678194800                  6168678194800              

ICACHE_STAGE_MISS                               241037                         241037              

ICACHE_CYCLE                                  58509865                       58509865              

TCACHE_CYCLE                                         0                              0              

ICACHE_CYCLE_ONPATH                           34843987       59.552%         34843987       59.552%
ICACHE_CYCLE_OFFPATH                          23665878       40.448%         23665878       40.448%
                                              58509865      100.000%         58509865      100.000%
                                                  0.40         0.46              0.40         0.46

FETCH_ON_PATH                                 35188965       61.028%         35188965       61.028%
FETCH_OFF_PATH                                22471853       38.972%         22471853       38.972%
                                              57660818      100.000%         57660818      100.000%
                                                  0.39         0.45              0.39         0.45

FETCHED_OPS_ON_PATH                                  0         -nan%                0         -nan%
FETCHED_OPS_OFF_PATH                                 0         -nan%                0         -nan%
                                                     0         -nan%                0         -nan%
                                                  -nan         -nan              -nan         -nan

INST_LOST_FETCH                              126749189       38.685%        126749189       38.685%
INST_LOST_OFF_PATH                           101625440       31.017%        101625440       31.017%
INST_LOST_FULL_WINDOW                           370686        0.113%           370686        0.113%
INST_LOST_ROB_STALL_OTHER                      2564040        0.783%          2564040        0.783%
INST_LOST_ROB_STALL_WAIT_FOR_RECOVERY            26172        0.008%            26172        0.008%
INST_LOST_ROB_STALL_WAIT_FOR_REDIRECT                0        0.000%                0        0.000%
INST_LOST_ROB_STALL_WAIT_FOR_GAP_FILL                0        0.000%                0        0.000%
INST_LOST_ROB_STALL_WAIT_FOR_L1_MISS                 0        0.000%                0        0.000%
INST_LOST_ROB_STALL_WAIT_FOR_MEMORY                252        0.000%              252        0.000%
INST_LOST_ROB_STALL_WAIT_FOR_DC_MISS           2133132        0.651%          2133132        0.651%
INST_LOST_ROB_BLOCK_ISSUE_FULL                       0        0.000%                0        0.000%
INST_LOST_ROB_BLOCK_ISSUE_GAP_TOO_LARGE              0        0.000%                0        0.000%
INST_LOST_BREAK_DONT                                 0        0.000%                0        0.000%
INST_LOST_BREAK_RENAME                               0        0.000%                0        0.000%
INST_LOST_BREAK_FT_UNAVAILABLE                     175        0.000%              175        0.000%
INST_LOST_BREAK_ICACHE_TO_UOP_CACHE_SWITCH       3749806        1.144%          3749806        1.144%
INST_LOST_BREAK_ICACHE_MISS_REQ_SUCCESS        1037457        0.317%          1037457        0.317%
INST_LOST_BREAK_ICACHE_MISS_REQ_FAILURE          12304        0.004%            12304        0.004%
INST_LOST_BREAK_WAIT_FOR_MISS                 31464610        9.603%         31464610        9.603%
INST_LOST_BREAK_UOP_CACHE_READ_LIMIT          50098733       15.291%         50098733       15.291%
INST_LOST_BREAK_UOP_CACHE_READ_LIMIT_AND_ISSUE_WIDTH             0        0.000%                0        0.000%
INST_LOST_BREAK_ICACHE_READ_LIMIT              3541147        1.081%          3541147        1.081%
INST_LOST_BREAK_ICACHE_READ_LIMIT_AND_ISSUE_WIDTH             0        0.000%                0        0.000%
INST_LOST_BREAK_ISSUE_WIDTH                          0        0.000%                0        0.000%
INST_LOST_BREAK_BARRIERT                         40862        0.012%            40862        0.012%
INST_LOST_BREAK_WAIT_FOR_EMPTY_ROB             4227085        1.290%          4227085        1.290%
INST_LOST_BREAK_APP_EXIT                             3        0.000%                3        0.000%
INST_LOST_BREAK_STALL                                0        0.000%                0        0.000%
                                             327641093      100.000%        327641093      100.000%
                                                  5.80         7.54              5.80         7.54

INST_LOST_TOTAL                              327641093                      327641093              

INST_LOST_WAIT_FOR_ICACHE_MISS_NOT_PREFETCHED        513060        1.750%           513060        1.750%
INST_LOST_WAIT_FOR_ICACHE_MISS_PREFETCHED_AND_EVICTED_BY_IFETCH             0        0.000%                0        0.000%
INST_LOST_WAIT_FOR_ICACHE_MISS_PREFETCHED_AND_EVICTED_BY_FDIP             0        0.000%                0        0.000%
INST_LOST_WAIT_FOR_ICACHE_MISS_MSHR_HIT_PREF_OFFPATH        945805        3.225%           945805        3.225%
INST_LOST_WAIT_FOR_ICACHE_MISS_MSHR_HIT_PREF_ONPATH      27864340       95.025%         27864340       95.025%
                                              29323205      100.000%         29323205      100.000%
                                                  3.90         3.80              3.90         3.80

FETCH_0_OPS                                   15541008       23.586%         15541008       23.586%
FETCH_1_OPS                                    3313570        5.029%          3313570        5.029%
FETCH_2_OPS                                    4677020        7.098%          4677020        7.098%
FETCH_3_OPS                                    4910015        7.452%          4910015        7.452%
FETCH_4_OPS                                    4112590        6.241%          4112590        6.241%
FETCH_5_OPS                                   15498476       23.521%         15498476       23.521%
FETCH_6_OPS                                   17839039       27.073%         17839039       27.073%
FETCH_7_OPS                                          0        0.000%                0        0.000%
FETCH_8_OPS                                          0        0.000%                0        0.000%
FETCH_9_OPS                                          0        0.000%                0        0.000%
FETCH_10_OPS                                         0        0.000%                0        0.000%
FETCH_11_OPS                                         0        0.000%                0        0.000%
FETCH_12_OPS                                         0        0.000%                0        0.000%
FETCH_13_OPS                                         0        0.000%                0        0.000%
FETCH_14_OPS                                         0        0.000%                0        0.000%
FETCH_15_OPS                                         0        0.000%                0        0.000%
FETCH_16_OPS                                         0        0.000%                0        0.000%
                                              65891718      100.000%         65891718      100.000%
                                                  3.47         1.67              3.47         1.67

ST_BREAK_DONT                                        0        0.000%                0        0.000%
ST_BREAK_RENAME                                      0        0.000%                0        0.000%
ST_BREAK_FT_UNAVAILABLE                             35        0.000%               35        0.000%
ST_BREAK_ICACHE_TO_UOP_CACHE_SWITCH            1411081        2.447%          1411081        2.447%
ST_BREAK_ICACHE_MISS_REQ_SUCCESS                241037        0.418%           241037        0.418%
ST_BREAK_ICACHE_MISS_REQ_FAILURE                  2477        0.004%             2477        0.004%
ST_BREAK_WAIT_FOR_MISS                         6292922       10.914%          6292922       10.914%
ST_BREAK_UOP_CACHE_READ_LIMIT                 16395205       28.434%         16395205       28.434%
ST_BREAK_UOP_CACHE_READ_LIMIT_AND_ISSUE_WIDTH       3772050        6.542%          3772050        6.542%
ST_BREAK_ICACHE_READ_LIMIT                     1629963        2.827%          1629963        2.827%
ST_BREAK_ICACHE_READ_LIMIT_AND_ISSUE_WIDTH        575616        0.998%           575616        0.998%
ST_BREAK_ISSUE_WIDTH                          26484233       45.931%         26484233       45.931%
ST_BREAK_BARRIERT                                10781        0.019%            10781        0.019%
ST_BREAK_WAIT_FOR_EMPTY_ROB                     845417        1.466%           845417        1.466%
ST_BREAK_APP_EXIT                                    1        0.000%                1        0.000%
ST_BREAK_STALL                                       0        0.000%                0        0.000%
                                              57660818      100.000%         57660818      100.000%
                                                  8.86         2.29              8.86         2.29

ORACLE_ON_PATH_INST                          126749189       55.501%        126749189       55.501%
ORACLE_OFF_PATH_INST                         101625440       44.499%        101625440       44.499%
                                             228374629      100.000%        228374629      100.000%
                                                  0.44         0.47              0.44         0.47

ORACLE_ON_PATH_INST_MEM                       47188498       20.663%         47188498       20.663%
ORACLE_ON_PATH_INST_NOTMEM                    79560691       34.838%         79560691       34.838%
ORACLE_OFF_PATH_INST_MEM                      36112242       15.813%         36112242       15.813%
ORACLE_OFF_PATH_INST_NOTMEM                   65513198       28.687%         65513198       28.687%
                                             228374629      100.000%        228374629      100.000%
                                                  1.53         1.19              1.53         1.19

ICACHE_CYCLE_NONRA_ONPATH                            0         -nan%                0         -nan%
ICACHE_CYCLE_NONRA_OFFPATH                           0         -nan%                0         -nan%
ICACHE_CYCLE_RA_ONPATH                               0         -nan%                0         -nan%
ICACHE_CYCLE_RA_OFFPATH                              0         -nan%                0         -nan%
                                                     0         -nan%                0         -nan%
                                                  -nan         -nan              -nan         -nan

ICACHE_CYCLE_ONPATH_NONRA                            0         -nan%                0         -nan%
ICACHE_CYCLE_OFFPATH_NONRA                           0         -nan%                0         -nan%
                                                     0         -nan%                0         -nan%
                                                  -nan         -nan              -nan         -nan

ICACHE_CYCLE_ONPATH_RA                               0         -nan%                0         -nan%
ICACHE_CYCLE_OFFPATH_RA                              0         -nan%                0         -nan%
                                                     0         -nan%                0         -nan%
                                                  -nan         -nan              -nan         -nan

INACCURATE_OFFPATH_CYCLES                            0        0.0000                0        0.0000

FETCH_ALL_INST                               228374629                      228374629              

EXEC_ALL_INST                                159799351                      159799351              

RET_ALL_INST                                 126749189                      126749189              

EXEC_ON_PATH_INST                            126749189       79.318%        126749189       79.318%
EXEC_OFF_PATH_INST                            33050162       20.682%         33050162       20.682%
                                             159799351      100.000%        159799351      100.000%
                                                  0.21         0.37              0.21         0.37

EXEC_ON_PATH_INST_MEM                         47188498       29.530%         47188498       29.530%
EXEC_ON_PATH_INST_NOTMEM                      79560691       49.788%         79560691       49.788%
EXEC_OFF_PATH_INST_MEM                        12343864        7.725%         12343864        7.725%
EXEC_OFF_PATH_INST_NOTMEM                     20706298       12.958%         20706298       12.958%
                                             159799351      100.000%        159799351      100.000%
                                                  1.04         0.84              1.04         0.84

EXEC_RA_INST                                         0         -nan%                0         -nan%
EXEC_NONRA_INST                                      0         -nan%                0         -nan%
                                                     0         -nan%                0         -nan%
                                                  -nan         -nan              -nan         -nan

EXEC_ON_PATH_INST_RA                                 0         -nan%                0         -nan%
EXEC_OFF_PATH_INST_RA                                0         -nan%                0         -nan%
                                                     0         -nan%                0         -nan%
                                                  -nan         -nan              -nan         -nan

EXEC_ON_PATH_INST_NONRA                              0         -nan%                0         -nan%
EXEC_OFF_PATH_INST_NONRA                             0         -nan%                0         -nan%
                                                     0         -nan%                0         -nan%
                                                  -nan         -nan              -nan         -nan

EXEC_RA_ON_PATH_INST                                 0         -nan%                0         -nan%
EXEC_RA_OFF_PATH_INST                                0         -nan%                0         -nan%
EXEC_NONRA_ON_PATH_INST                              0         -nan%                0         -nan%
EXEC_NONRA_OFF_PATH_INST                             0         -nan%                0         -nan%
                                                     0         -nan%                0         -nan%
                                                  -nan         -nan              -nan         -nan

ICACHE_THROTTLE_CYCLE                                0                              0              

FETCH_ENABLE_THROTTLE_OFF_PATH                       0         -nan%                0         -nan%
FETCH_ENABLE_THROTTLE_ON_PATH                        0         -nan%                0         -nan%
                                                     0         -nan%                0         -nan%
                                                  -nan         -nan              -nan         -nan

FETCH_DISABLE_THROTTLE_OFF_PATH                      0         -nan%                0         -nan%
FETCH_DISABLE_THROTTLE_ON_PATH                       0         -nan%                0         -nan%
                                                     0         -nan%                0         -nan%
                                                  -nan         -nan              -nan         -nan

FETCH_TH_ADJUST__0                                   0         -nan%                0         -nan%
FETCH_TH_ADJUST__1                                   0         -nan%                0         -nan%
FETCH_TH_ADJUST__2                                   0         -nan%                0         -nan%
FETCH_TH_ADJUST__3                                   0         -nan%                0         -nan%
FETCH_TH_ADJUST__4                                   0         -nan%                0         -nan%
FETCH_TH_ADJUST__5                                   0         -nan%                0         -nan%
FETCH_TH_ADJUST__6                                   0         -nan%                0         -nan%
FETCH_TH_ADJUST__7                                   0         -nan%                0         -nan%
FETCH_TH_ADJUST__8                                   0         -nan%                0         -nan%
FETCH_TH_ADJUST__9                                   0         -nan%                0         -nan%
FETCH_TH_ADJUST__MAX                                 0         -nan%                0         -nan%
                                                     0         -nan%                0         -nan%
                                                  -nan         -nan              -nan         -nan

FETCH_TH_ADJUST_UP                                   0         -nan%                0         -nan%
FETCH_TH_ADJUST_DOWN                                 0         -nan%                0         -nan%
FETCH_TH_ADJUST_SAME                                 0         -nan%                0         -nan%
                                                     0         -nan%                0         -nan%
                                                  -nan         -nan              -nan         -nan

THROTTLE_ADJUST_CACHE_MISS_INFO                      0                              0              

LOW_CONF_COUNT_BP_MIS_0                              0         -nan%                0         -nan%
LOW_CONF_COUNT_BP_MIS_1                              0         -nan%                0         -nan%
LOW_CONF_COUNT_BP_MIS_2                              0         -nan%                0         -nan%
LOW_CONF_COUNT_BP_MIS_3                              0         -nan%                0         -nan%
LOW_CONF_COUNT_BP_MIS_4                              0         -nan%                0         -nan%
LOW_CONF_COUNT_BP_MIS_5                              0         -nan%                0         -nan%
LOW_CONF_COUNT_BP_MIS_6                              0         -nan%                0         -nan%
LOW_CONF_COUNT_BP_MIS_7                              0         -nan%                0         -nan%
LOW_CONF_COUNT_BP_MIS_8                              0         -nan%                0         -nan%
LOW_CONF_COUNT_BP_MIS_9                              0         -nan%                0         -nan%
LOW_CONF_COUNT_BP_MIS_10                             0         -nan%                0         -nan%
LOW_CONF_COUNT_BP_MIS_11                             0         -nan%                0         -nan%
LOW_CONF_COUNT_BP_MIS_12                             0         -nan%                0         -nan%
LOW_CONF_COUNT_BP_MIS_13                             0         -nan%                0         -nan%
LOW_CONF_COUNT_BP_MIS_14                             0         -nan%                0         -nan%
LOW_CONF_COUNT_BP_MIS_15                             0         -nan%                0         -nan%
LOW_CONF_COUNT_BP_MIS_16                             0         -nan%                0         -nan%
LOW_CONF_COUNT_BP_MIS_17                             0         -nan%                0         -nan%
LOW_CONF_COUNT_BP_MIS_18                             0         -nan%                0         -nan%
LOW_CONF_COUNT_BP_MIS_19                             0         -nan%                0         -nan%
LOW_CONF_COUNT_BP_MIS_20                             0         -nan%                0         -nan%
                                                     0         -nan%                0         -nan%
                                                  -nan         -nan              -nan         -nan

LOW_CONF_COUNT_RET_0                                 0         -nan%                0         -nan%
LOW_CONF_COUNT_RET_1                                 0         -nan%                0         -nan%
LOW_CONF_COUNT_RET_2                                 0         -nan%                0         -nan%
LOW_CONF_COUNT_RET_3                                 0         -nan%                0         -nan%
LOW_CONF_COUNT_RET_4                                 0         -nan%                0         -nan%
LOW_CONF_COUNT_RET_5                                 0         -nan%                0         -nan%
LOW_CONF_COUNT_RET_6                                 0         -nan%                0         -nan%
LOW_CONF_COUNT_RET_7                                 0         -nan%                0         -nan%
LOW_CONF_COUNT_RET_8                                 0         -nan%                0         -nan%
LOW_CONF_COUNT_RET_9                                 0         -nan%                0         -nan%
LOW_CONF_COUNT_RET_10                                0         -nan%                0         -nan%
LOW_CONF_COUNT_RET_11                                0         -nan%                0         -nan%
LOW_CONF_COUNT_RET_12                                0         -nan%                0         -nan%
LOW_CONF_COUNT_RET_13                                0         -nan%                0         -nan%
LOW_CONF_COUNT_RET_14                                0         -nan%                0         -nan%
LOW_CONF_COUNT_RET_15                                0         -nan%                0         -nan%
LOW_CONF_COUNT_RET_16                                0         -nan%                0         -nan%
LOW_CONF_COUNT_RET_17                                0         -nan%                0         -nan%
LOW_CONF_COUNT_RET_18                                0         -nan%                0         -nan%
LOW_CONF_COUNT_RET_19                                0         -nan%                0         -nan%
LOW_CONF_COUNT_RET_20                                0         -nan%                0         -nan%
                                                     0         -nan%                0         -nan%
                                                  -nan         -nan              -nan         -nan

CYCLES_RESTEER_MISPRED                               0         -nan%                0         -nan%
CYCLES_RESTEER_MISFETCH                              0         -nan%                0         -nan%
CYCLES_RESTEER_BTB_MISS                              0         -nan%                0         -nan%
                                                     0         -nan%                0         -nan%
                                                  -nan         -nan              -nan         -nan

CYCLES_RESTEER_MISPRED_SAVED_UC_FETCH                0         -nan%                0         -nan%
CYCLES_RESTEER_MISPRED_COULD_BE_SAVED_UC_FETCH             0         -nan%                0         -nan%
CYCLES_RESTEER_MISFETCH_SAVED_UC_FETCH               0         -nan%                0         -nan%
CYCLES_RESTEER_MISFETCH_COULD_BE_SAVED_UC_FETCH             0         -nan%                0         -nan%
CYCLES_RESTEER_BTB_MISS_SAVED_UC_FETCH               0         -nan%                0         -nan%
CYCLES_RESTEER_BTB_MISS_COULD_BE_SAVED_UC_FETCH             0         -nan%                0         -nan%
                                                     0         -nan%                0         -nan%
                                                  -nan         -nan              -nan         -nan

CYCLES_UOC_IC_SWITCH                                 0                              0              



