/* -*- Mode: c -*- */
####################################################################################################
Core 0
####################################################################################################
Cumulative:        Cycles: 58509865              Instructions: 99999999              IPC: 1.70911

Periodic:          Cycles: 58509865              Instructions: 99999999              IPC: 1.70911

ST_OP_INV                                            0        0.000%                0        0.000%
ST_OP_NOP                                     23761932        8.025%         23761932        8.025%
ST_OP_CF                                      41412643       13.985%         41412643       13.985%
ST_OP_MOV                                     27506785        9.289%         27506785        9.289%
ST_OP_CMOV                                      410813        0.139%           410813        0.139%
ST_OP_LDA                                      7991419        2.699%          7991419        2.699%
ST_OP_ILD                                     66944783       22.608%         66944783       22.608%
ST_OP_IST                                     34735988       11.731%         34735988       11.731%
ST_OP_IADD                                    54266527       18.326%         54266527       18.326%
ST_OP_IMUL                                      185371        0.063%           185371        0.063%
ST_OP_IDIV                                       32856        0.011%            32856        0.011%
ST_OP_ICMP                                    17577409        5.936%         17577409        5.936%
ST_OP_LOGIC                                   15282443        5.161%         15282443        5.161%
ST_OP_SHIFT                                    4208487        1.421%          4208487        1.421%
ST_OP_FLD                                       800649        0.270%           800649        0.270%
ST_OP_FST                                       897787        0.303%           897787        0.303%
ST_OP_FCVT                                       18350        0.006%            18350        0.006%
ST_OP_FADD                                        1633        0.001%             1633        0.001%
ST_OP_FMUL                                        8417        0.003%             8417        0.003%
ST_OP_FMA                                            0        0.000%                0        0.000%
ST_OP_FDIV                                        4200        0.001%             4200        0.001%
ST_OP_FCMP                                        5655        0.002%             5655        0.002%
ST_OP_FCMOV                                          0        0.000%                0        0.000%
ST_OP_GATHER                                         0        0.000%                0        0.000%
ST_OP_SCATTER                                        0        0.000%                0        0.000%
ST_OP_PIPELINED_FAST                             34255        0.012%            34255        0.012%
ST_OP_PIPELINED_MEDIUM                               0        0.000%                0        0.000%
ST_OP_PIPELINED_SLOW                                 0        0.000%                0        0.000%
ST_OP_NOTPIPELINED_MEDIUM                        18077        0.006%            18077        0.006%
ST_OP_NOTPIPELINED_SLOW                           3353        0.001%             3353        0.001%
ST_OP_NOTPIPELINED_VERY_SLOW                      6756        0.002%             6756        0.002%
                                             296116588      100.000%        296116588      100.000%
                                                  5.98         3.25              5.98         3.25

ST_NOT_CF                                    254703945       86.015%        254703945       86.015%
ST_CF_BR                                       2587832        0.874%          2587832        0.874%
ST_CF_CBR                                     26989542        9.114%         26989542        9.114%
ST_CF_CALL                                     4327083        1.461%          4327083        1.461%
ST_CF_IBR                                      1266325        0.428%          1266325        0.428%
ST_CF_ICALL                                    1079580        0.365%          1079580        0.365%
ST_CF_ICO                                            0        0.000%                0        0.000%
ST_CF_RET                                      5159496        1.742%          5159496        1.742%
ST_CF_SYS                                         2785        0.001%             2785        0.001%
                                             296116588      100.000%        296116588      100.000%
                                                  0.39         1.11              0.39         1.11

ST_BAR_NONE                                  296103694       99.996%        296103694       99.996%
ST_BAR_FETCH                                     12894        0.004%            12894        0.004%
ST_BAR_ISSUE                                         0        0.000%                0        0.000%
ST_BAR_BOTH                                          0        0.000%                0        0.000%
                                             296116588      100.000%        296116588      100.000%
                                                  0.00         0.01              0.00         0.01

ST_NOT_MEM                                   192737381       65.088%        192737381       65.088%
ST_MEM_LD                                     67745432       22.878%         67745432       22.878%
ST_MEM_ST                                     35633775       12.034%         35633775       12.034%
ST_MEM_PF                                            0        0.000%                0        0.000%
ST_MEM_WH                                            0        0.000%                0        0.000%
ST_MEM_EVICT                                         0        0.000%                0        0.000%
                                             296116588      100.000%        296116588      100.000%
                                                  0.47         0.59              0.47         0.59

ST_NOT_MEM_OFFPATH                           124020677       65.558%        124020677       65.558%
ST_MEM_LD_OFFPATH                             44336256       23.436%         44336256       23.436%
ST_MEM_ST_OFFPATH                             20820559       11.006%         20820559       11.006%
ST_MEM_PF_OFFPATH                                    0        0.000%                0        0.000%
ST_MEM_WH_OFFPATH                                    0        0.000%                0        0.000%
ST_MEM_EVIC_OFFPATHT                                 0        0.000%                0        0.000%
                                             189177492      100.000%        189177492      100.000%
                                                  0.45         0.58              0.45         0.58

ST_OP_ONPATH                                 296116588                      296116588              

ST_OP_OFFPATH                                189177492                      189177492              

ST_FAKE_OP_OFFPATH                            14452479        7.640%         14452479        7.640%
ST_NOT_FAKE_OP_OFFPATH                       174725013       92.360%        174725013       92.360%
                                             189177492      100.000%        189177492      100.000%
                                                  0.92         0.89              0.92         0.89

ST_FAKE_REASON_NOT_FAKE                      174725013       92.360%        174725013       92.360%
ST_FAKE_REASON_REDIRECT_TO_NOT_INSTRUMENTED      14452479        7.640%         14452479        7.640%
ST_FAKE_REASON_RETURN_TO_NOT_INSTRUMENTED             0        0.000%                0        0.000%
ST_FAKE_REASON_NONRET_CF_TO_NOT_INSTRUMENTED             0        0.000%                0        0.000%
ST_FAKE_REASON_NOT_TAKEN_TO_NOT_INSTRUMENTED             0        0.000%                0        0.000%
ST_FAKE_REASON_WRONG_PATH_STORE_TO_NEW_REGION             0        0.000%                0        0.000%
                                             189177492      100.000%        189177492      100.000%
                                                  0.08         0.26              0.08         0.26

ST_INST_ONPATH                               235067659                      235067659              

ST_INST_OFFPATH                              150644645                      150644645              

STATIC_PIN_NOP                                       0                              0              

DYNAMIC_PIN_REP_GREATER_256                          0                              0              

INST_MAP_UPDATE_JITTED                        47533259       66.350%         47533259       66.350%
INST_MAP_UPDATE_NPC_INV                              0        0.000%                0        0.000%
INST_MAP_UPDATE_NPC_NOP                              0        0.000%                0        0.000%
INST_MAP_UPDATE_NPC_CF                               0        0.000%                0        0.000%
INST_MAP_UPDATE_NPC_MOV                              0        0.000%                0        0.000%
INST_MAP_UPDATE_NPC_CMOV                             0        0.000%                0        0.000%
INST_MAP_UPDATE_NPC_LDA                              0        0.000%                0        0.000%
INST_MAP_UPDATE_NPC_IMEM                             0        0.000%                0        0.000%
INST_MAP_UPDATE_NPC_IADD                             0        0.000%                0        0.000%
INST_MAP_UPDATE_NPC_IMUL                        908484        1.268%           908484        1.268%
INST_MAP_UPDATE_NPC_IDIV                             0        0.000%                0        0.000%
INST_MAP_UPDATE_NPC_ICMP                             0        0.000%                0        0.000%
INST_MAP_UPDATE_NPC_LOGIC                            0        0.000%                0        0.000%
INST_MAP_UPDATE_NPC_SHIFT                            0        0.000%                0        0.000%
INST_MAP_UPDATE_NPC_FMEM                             0        0.000%                0        0.000%
INST_MAP_UPDATE_NPC_FCVT                             0        0.000%                0        0.000%
INST_MAP_UPDATE_NPC_FADD                             0        0.000%                0        0.000%
INST_MAP_UPDATE_NPC_FMUL                             0        0.000%                0        0.000%
INST_MAP_UPDATE_NPC_FMA                              0        0.000%                0        0.000%
INST_MAP_UPDATE_NPC_FDIV                             0        0.000%                0        0.000%
INST_MAP_UPDATE_NPC_FCMP                             0        0.000%                0        0.000%
INST_MAP_UPDATE_NPC_FCMOV                            0        0.000%                0        0.000%
INST_MAP_UPDATE_NPC_GATHER                           0        0.000%                0        0.000%
INST_MAP_UPDATE_NPC_SCATTER                          0        0.000%                0        0.000%
INST_MAP_UPDATE_NPC_PIPELINED_FAST                   0        0.000%                0        0.000%
INST_MAP_UPDATE_NPC_PIPELINED_MEDIUM                 0        0.000%                0        0.000%
INST_MAP_UPDATE_NPC_PIPELINED_SLOW                   0        0.000%                0        0.000%
INST_MAP_UPDATE_NPC_NOTPIPELINED_MEDIUM              0        0.000%                0        0.000%
INST_MAP_UPDATE_NPC_NOTPIPELINED_SLOW                0        0.000%                0        0.000%
INST_MAP_UPDATE_NPC_NOTPIPELINED_VERY_SLOW             0        0.000%                0        0.000%
INST_MAP_UPDATE_MEM_INV                              0        0.000%                0        0.000%
INST_MAP_UPDATE_MEM_NOP                          96690        0.135%            96690        0.135%
INST_MAP_UPDATE_MEM_CF                               0        0.000%                0        0.000%
INST_MAP_UPDATE_MEM_MOV                       13212535       18.443%         13212535       18.443%
INST_MAP_UPDATE_MEM_CMOV                          8695        0.012%             8695        0.012%
INST_MAP_UPDATE_MEM_LDA                              0        0.000%                0        0.000%
INST_MAP_UPDATE_MEM_IMEM                             0        0.000%                0        0.000%
INST_MAP_UPDATE_MEM_IADD                             0        0.000%                0        0.000%
INST_MAP_UPDATE_MEM_IMUL                       8147813       11.373%          8147813       11.373%
INST_MAP_UPDATE_MEM_IDIV                          9583        0.013%             9583        0.013%
INST_MAP_UPDATE_MEM_ICMP                          1361        0.002%             1361        0.002%
INST_MAP_UPDATE_MEM_LOGIC                      1533074        2.140%          1533074        2.140%
INST_MAP_UPDATE_MEM_SHIFT                       134995        0.188%           134995        0.188%
INST_MAP_UPDATE_MEM_FMEM                             0        0.000%                0        0.000%
INST_MAP_UPDATE_MEM_FCVT                             0        0.000%                0        0.000%
INST_MAP_UPDATE_MEM_FADD                             0        0.000%                0        0.000%
INST_MAP_UPDATE_MEM_FMUL                          1101        0.002%             1101        0.002%
INST_MAP_UPDATE_MEM_FMA                            300        0.000%              300        0.000%
INST_MAP_UPDATE_MEM_FDIV                           777        0.001%              777        0.001%
INST_MAP_UPDATE_MEM_FCMP                             0        0.000%                0        0.000%
INST_MAP_UPDATE_MEM_FCMOV                          591        0.001%              591        0.001%
INST_MAP_UPDATE_MEM_GATHER                           0        0.000%                0        0.000%
INST_MAP_UPDATE_MEM_SCATTER                          0        0.000%                0        0.000%
INST_MAP_UPDATE_MEM_PIPELINED_FAST                   0        0.000%                0        0.000%
INST_MAP_UPDATE_MEM_PIPELINED_MEDIUM                 0        0.000%                0        0.000%
INST_MAP_UPDATE_MEM_PIPELINED_SLOW               51417        0.072%            51417        0.072%
INST_MAP_UPDATE_MEM_NOTPIPELINED_MEDIUM              0        0.000%                0        0.000%
INST_MAP_UPDATE_MEM_NOTPIPELINED_SLOW                0        0.000%                0        0.000%
INST_MAP_UPDATE_MEM_NOTPIPELINED_VERY_SLOW             0        0.000%                0        0.000%
                                              71640675      100.000%         71640675      100.000%
                                                 11.57        13.66             11.57        13.66



