/* -*- Mode: c -*- */
####################################################################################################
Core 0
####################################################################################################
Cumulative:        Cycles: 88418                 Instructions: 26520                 IPC: 0.29994

Periodic:          Cycles: 88418                 Instructions: 26520                 IPC: 0.29994

EXECUTION_TIME                             27630625000                    27630625000              

NODE_CYCLE                                       88418                          88418              

NODE_INST_COUNT                                  26520                          26520              

NODE_INST_COUNT_FETCHED                              0                              0              

NODE_UOP_COUNT                                   30129                          30129              

FULL_WINDOW_STALL                                13262       14.999%            13262       14.999%

FULL_WINDOW_MEM_OP                               12872      100.000%            12872      100.000%
FULL_WINDOW_FP_OP                                    0        0.000%                0        0.000%
FULL_WINDOW_OTHER_OP                                 0        0.000%                0        0.000%
                                                 12872      100.000%            12872      100.000%
                                                  0.00         0.00              0.00         0.00

RET_BLOCKED_DC_MISS                              48912       55.319%            48912       55.319%

RET_BLOCKED_L1_MISS                              40441       45.738%            40441       45.738%

RET_BLOCKED_L1_MISS_BW_PREF                          0        0.000%                0        0.000%

RET_BLOCKED_L1_ACCESS                             8476        9.586%             8476        9.586%

RET_BLOCKED_MEM_STALL                            40787       46.130%            40787       46.130%

RET_BLOCKED_OFFCHIP_DEMAND                           0        0.000%                0        0.000%

OP_ISSUED                                        65226                          65226              

OP_RETIRED                                       30129                          30129              

REPLAY_SIGNALED                                      0                              0              

REPLAY_COUNTED                                       0                              0              

OFF_CRITICAL_PATH                                    0         -nan%                0         -nan%
ON_CRITICAL_PATH                                     0         -nan%                0         -nan%
                                                     0         -nan%                0         -nan%
                                                  -nan         -nan              -nan         -nan

LD_NO_DEPENDENTS                                   420       10.184%              420       10.184%
LD_DEPENDENTS                                     3704       89.816%             3704       89.816%
                                                  4124      100.000%             4124      100.000%
                                                  0.90         0.86              0.90         0.86

LD_EXEC_CYCLES_0                                     0        0.000%                0        0.000%
LD_EXEC_CYCLES_1                                     0        0.000%                0        0.000%
LD_EXEC_CYCLES_2                                     0        0.000%                0        0.000%
LD_EXEC_CYCLES_3                                     1      100.000%                1      100.000%
LD_EXEC_CYCLES_4                                     0        0.000%                0        0.000%
                                                     1      100.000%                1      100.000%
                                                  3.00         -nan              3.00         -nan

ICACHE_STAGE_STARVED                             91182       93.642%            91182       93.642%
ICACHE_STAGE_NOT_STARVED                          6191        6.358%             6191        6.358%
                                                 97373      100.000%            97373      100.000%
                                                  0.06         0.24              0.06         0.24

ICACHE_STAGE_STALLED                              1953        2.209%             1953        2.209%
ICACHE_STAGE_NOT_STALLED                         54646       61.804%            54646       61.804%
ICACHE_STAGE_OFF_PATH                            31819       35.987%            31819       35.987%
                                                 88418      100.000%            88418      100.000%
                                                  1.34         0.93              1.34         0.93

DECODE_STAGE_STARVED                             55714       95.137%            55714       95.137%
DECODE_STAGE_NOT_STARVED                          2848        4.863%             2848        4.863%
                                                 58562      100.000%            58562      100.000%
                                                  0.05         0.21              0.05         0.21

DECODE_STAGE_STALLED                               283        0.320%              283        0.320%
DECODE_STAGE_NOT_STALLED                         58279       65.913%            58279       65.913%
DECODE_STAGE_OFF_PATH                            29856       33.767%            29856       33.767%
                                                 88418      100.000%            88418      100.000%
                                                  1.33         0.91              1.33         0.91

UOPQ_STAGE_STARVED                               73960       97.049%            73960       97.049%
UOPQ_STAGE_NOT_STARVED                            2249        2.951%             2249        2.951%
                                                 76209      100.000%            76209      100.000%
                                                  0.03         0.17              0.03         0.17

UOPQ_STAGE_STALLED                                1920        2.172%             1920        2.172%
UOPQ_STAGE_NOT_STALLED                           76209       86.192%            76209       86.192%
UOPQ_STAGE_OFF_PATH                              10289       11.637%            10289       11.637%
                                                 88418      100.000%            88418      100.000%
                                                  1.09         0.49              1.09         0.49

MAP_STAGE_STARVED                                53000       85.673%            53000       85.673%
MAP_STAGE_NOT_STARVED                             8863       14.327%             8863       14.327%
                                                 61863      100.000%            61863      100.000%
                                                  0.14         0.33              0.14         0.33

MAP_STAGE_STALLED                                 1994        2.255%             1994        2.255%
MAP_STAGE_NOT_STALLED                            59869       67.711%            59869       67.711%
MAP_STAGE_OFF_PATH                               26555       30.033%            26555       30.033%
                                                 88418      100.000%            88418      100.000%
                                                  1.28         0.84              1.28         0.84

EXEC_STAGE_STARVED                               61617       69.688%            61617       69.688%
EXEC_STAGE_NOT_STARVED                            2350        2.658%             2350        2.658%
EXEC_STAGE_OFF_PATH                              24451       27.654%            24451       27.654%
                                                 88418      100.000%            88418      100.000%
                                                  0.58         0.81              0.58         0.81

FU_BUSY_0                                        16806                          16806              

FU_BUSY_1                                        12819                          12819              

FU_BUSY_2                                         4630                           4630              

FU_BUSY_3                                         3951                           3951              

FU_BUSY_4                                        10512                          10512              

FU_BUSY_5                                        10557                          10557              

FU_BUSY_6                                         3613                           3613              

FU_BUSY_7                                         5186                           5186              

FU_BUSY_8                                            0                              0              

FU_BUSY_9                                            0                              0              

FU_BUSY_10                                           0                              0              

FU_BUSY_11                                           0                              0              

FU_BUSY_12                                           0                              0              

FU_BUSY_13                                           0                              0              

FU_BUSY_14                                           0                              0              

FU_BUSY_15                                           0                              0              

FU_BUSY_16                                           0                              0              

FU_BUSY_17                                           0                              0              

FU_BUSY_18                                           0                              0              

FU_BUSY_19                                           0                              0              

FU_BUSY_20                                           0                              0              

FU_BUSY_21                                           0                              0              

FU_BUSY_22                                           0                              0              

FU_BUSY_23                                           0                              0              

FU_BUSY_24                                           0                              0              

FU_BUSY_25                                           0                              0              

FU_BUSY_26                                           0                              0              

FU_BUSY_27                                           0                              0              

FU_BUSY_28                                           0                              0              

FU_BUSY_29                                           0                              0              

FU_BUSY_30                                           0                              0              

FU_BUSY_31                                           0                              0              

FU_REJECTED_OP_INV_NOT_SIMD                          0        0.000%                0        0.000%
FU_REJECTED_OP_NOP_NOT_SIMD                          3        0.053%                3        0.053%
FU_REJECTED_OP_CF_NOT_SIMD                          30        0.530%               30        0.530%
FU_REJECTED_OP_MOV_NOT_SIMD                         14        0.248%               14        0.248%
FU_REJECTED_OP_CMOV_NOT_SIMD                         0        0.000%                0        0.000%
FU_REJECTED_OP_LDA_NOT_SIMD                          1        0.018%                1        0.018%
FU_REJECTED_OP_IMEM_NOT_SIMD                      2963       52.387%             2963       52.387%
FU_REJECTED_OP_IADD_NOT_SIMD                      2002       35.396%             2002       35.396%
FU_REJECTED_OP_IMUL_NOT_SIMD                        35        0.619%               35        0.619%
FU_REJECTED_OP_IDIV_NOT_SIMD                         0        0.000%                0        0.000%
FU_REJECTED_OP_ICMP_NOT_SIMD                         2        0.035%                2        0.035%
FU_REJECTED_OP_LOGIC_NOT_SIMD                        7        0.124%                7        0.124%
FU_REJECTED_OP_SHIFT_NOT_SIMD                        9        0.159%                9        0.159%
FU_REJECTED_OP_FMEM_NOT_SIMD                         0        0.000%                0        0.000%
FU_REJECTED_OP_FCVT_NOT_SIMD                         0        0.000%                0        0.000%
FU_REJECTED_OP_FADD_NOT_SIMD                         0        0.000%                0        0.000%
FU_REJECTED_OP_FMUL_NOT_SIMD                         0        0.000%                0        0.000%
FU_REJECTED_OP_FMA_NOT_SIMD                          0        0.000%                0        0.000%
FU_REJECTED_OP_FDIV_NOT_SIMD                         0        0.000%                0        0.000%
FU_REJECTED_OP_FCMP_NOT_SIMD                         0        0.000%                0        0.000%
FU_REJECTED_OP_FCMOV_NOT_SIMD                        0        0.000%                0        0.000%
FU_REJECTED_OP_GATHER_NOT_SIMD                       0        0.000%                0        0.000%
FU_REJECTED_OP_SCATTER_NOT_SIMD                      0        0.000%                0        0.000%
FU_REJECTED_OP_PIPELINED_FAST_NOT_SIMD               0        0.000%                0        0.000%
FU_REJECTED_OP_PIPELINED_MEDIUM_NOT_SIMD             0        0.000%                0        0.000%
FU_REJECTED_OP_PIPELINED_SLOW_NOT_SIMD               0        0.000%                0        0.000%
FU_REJECTED_OP_NOTPIPELINED_MEDIUM_NOT_SIMD             0        0.000%                0        0.000%
FU_REJECTED_OP_NOTPIPELINED_SLOW_NOT_SIMD             0        0.000%                0        0.000%
FU_REJECTED_OP_NOTPIPELINED_VERY_SLOW_NOT_SIMD             1        0.018%                1        0.018%
FU_REJECTED_OP_INV_SIMD                              0        0.000%                0        0.000%
FU_REJECTED_OP_NOP_SIMD                              0        0.000%                0        0.000%
FU_REJECTED_OP_CF_SIMD                               0        0.000%                0        0.000%
FU_REJECTED_OP_MOV_SIMD                              0        0.000%                0        0.000%
FU_REJECTED_OP_CMOV_SIMD                             0        0.000%                0        0.000%
FU_REJECTED_OP_LDA_SIMD                              0        0.000%                0        0.000%
FU_REJECTED_OP_IMEM_SIMD                             0        0.000%                0        0.000%
FU_REJECTED_OP_IADD_SIMD                             0        0.000%                0        0.000%
FU_REJECTED_OP_IMUL_SIMD                             1        0.018%                1        0.018%
FU_REJECTED_OP_IDIV_SIMD                             0        0.000%                0        0.000%
FU_REJECTED_OP_ICMP_SIMD                             0        0.000%                0        0.000%
FU_REJECTED_OP_LOGIC_SIMD                            0        0.000%                0        0.000%
FU_REJECTED_OP_SHIFT_SIMD                            0        0.000%                0        0.000%
FU_REJECTED_OP_FMEM_SIMD                             0        0.000%                0        0.000%
FU_REJECTED_OP_FCVT_SIMD                             0        0.000%                0        0.000%
FU_REJECTED_OP_FADD_SIMD                           554        9.795%              554        9.795%
FU_REJECTED_OP_FMUL_SIMD                             0        0.000%                0        0.000%
FU_REJECTED_OP_FMA_SIMD                              2        0.035%                2        0.035%
FU_REJECTED_OP_FDIV_SIMD                             0        0.000%                0        0.000%
FU_REJECTED_OP_FCMP_SIMD                             0        0.000%                0        0.000%
FU_REJECTED_OP_FCMOV_SIMD                           32        0.566%               32        0.566%
FU_REJECTED_OP_GATHER_SIMD                           0        0.000%                0        0.000%
FU_REJECTED_OP_SCATTER_SIMD                          0        0.000%                0        0.000%
FU_REJECTED_OP_PIPELINED_FAST_SIMD                   0        0.000%                0        0.000%
FU_REJECTED_OP_PIPELINED_MEDIUM_SIMD                 0        0.000%                0        0.000%
FU_REJECTED_OP_PIPELINED_SLOW_SIMD                   0        0.000%                0        0.000%
FU_REJECTED_OP_NOTPIPELINED_MEDIUM_SIMD              0        0.000%                0        0.000%
FU_REJECTED_OP_NOTPIPELINED_SLOW_SIMD                0        0.000%                0        0.000%
FU_REJECTED_OP_NOTPIPELINED_VERY_SLOW_SIMD             0        0.000%                0        0.000%
                                                  5656      100.000%             5656      100.000%
                                                 10.34        11.60             10.34        11.60

OP_WAIT_0                                        21052                          21052              

OP_WAIT_1                                         7346                           7346              

OP_WAIT_2                                          948                            948              

OP_WAIT_3                                          242                            242              

OP_WAIT_4                                          121                            121              

OP_WAIT_5                                          105                            105              

OP_WAIT_6                                           29                             29              

OP_WAIT_7                                           35                             35              

OP_WAIT_8                                           19                             19              

OP_WAIT_9                                           11                             11              

OP_WAIT_10                                          18                             18              

OP_WAIT_11                                          11                             11              

OP_WAIT_12                                          11                             11              

OP_WAIT_13                                          11                             11              

OP_WAIT_14                                          11                             11              

OP_WAIT_15                                          10                             10              

OP_WAIT_16                                           8                              8              

OP_WAIT_17                                           5                              5              

OP_WAIT_18                                           5                              5              

OP_WAIT_19                                           9                              9              

OP_WAIT_20                                           3                              3              

OP_WAIT_21                                           2                              2              

OP_WAIT_22                                           6                              6              

OP_WAIT_23                                           3                              3              

OP_WAIT_24                                           3                              3              

OP_WAIT_25                                           4                              4              

OP_WAIT_26                                           2                              2              

OP_WAIT_27                                           1                              1              

OP_WAIT_28                                           2                              2              

OP_WAIT_29                                           1                              1              

OP_WAIT_30                                           1                              1              

OP_WAIT_31                                          94                             94              

ROW_SIZE_0                                       51903                          51903              

ROW_SIZE_1                                        1420                           1420              

ROW_SIZE_2                                         648                            648              

ROW_SIZE_3                                        1170                           1170              

ROW_SIZE_4                                         193                            193              

ROW_SIZE_5                                         149                            149              

ROW_SIZE_6                                        3731                           3731              

ROW_SIZE_7                                           0                              0              

ROW_SIZE_8                                           0                              0              

ROW_SIZE_9                                           0                              0              

ROW_SIZE_10                                          0                              0              

ROW_SIZE_11                                          0                              0              

ROW_SIZE_12                                          0                              0              

ROW_SIZE_13                                          0                              0              

ROW_SIZE_14                                          0                              0              

ROW_SIZE_15                                          0                              0              

ROW_SIZE_16                                          0                              0              

ROW_SIZE_17                                          0                              0              

ROW_SIZE_18                                          0                              0              

ROW_SIZE_19                                          0                              0              

ROW_SIZE_20                                          0                              0              

ROW_SIZE_21                                          0                              0              

ROW_SIZE_22                                          0                              0              

ROW_SIZE_23                                          0                              0              

ROW_SIZE_24                                          0                              0              

ROW_SIZE_25                                          0                              0              

ROW_SIZE_26                                          0                              0              

ROW_SIZE_27                                          0                              0              

ROW_SIZE_28                                          0                              0              

ROW_SIZE_29                                          0                              0              

ROW_SIZE_30                                          0                              0              

ROW_SIZE_31                                          0                              0              

RET_OP_EXEC_COUNT_0                                  0        0.000%                0        0.000%
RET_OP_EXEC_COUNT_1                              30129      100.000%            30129      100.000%
RET_OP_EXEC_COUNT_2                                  0        0.000%                0        0.000%
RET_OP_EXEC_COUNT_3                                  0        0.000%                0        0.000%
RET_OP_EXEC_COUNT_4                                  0        0.000%                0        0.000%
RET_OP_EXEC_COUNT_5                                  0        0.000%                0        0.000%
RET_OP_EXEC_COUNT_6                                  0        0.000%                0        0.000%
RET_OP_EXEC_COUNT_7                                  0        0.000%                0        0.000%
RET_OP_EXEC_COUNT_8                                  0        0.000%                0        0.000%
RET_OP_EXEC_COUNT_9                                  0        0.000%                0        0.000%
RET_OP_EXEC_COUNT_10                                 0        0.000%                0        0.000%
RET_OP_EXEC_COUNT_11                                 0        0.000%                0        0.000%
RET_OP_EXEC_COUNT_12                                 0        0.000%                0        0.000%
RET_OP_EXEC_COUNT_13                                 0        0.000%                0        0.000%
RET_OP_EXEC_COUNT_14                                 0        0.000%                0        0.000%
RET_OP_EXEC_COUNT_15                                 0        0.000%                0        0.000%
RET_OP_EXEC_COUNT_16                                 0        0.000%                0        0.000%
RET_OP_EXEC_COUNT_17                                 0        0.000%                0        0.000%
RET_OP_EXEC_COUNT_18                                 0        0.000%                0        0.000%
RET_OP_EXEC_COUNT_19                                 0        0.000%                0        0.000%
RET_OP_EXEC_COUNT_20                                 0        0.000%                0        0.000%
RET_OP_EXEC_COUNT_21                                 0        0.000%                0        0.000%
RET_OP_EXEC_COUNT_22                                 0        0.000%                0        0.000%
RET_OP_EXEC_COUNT_23                                 0        0.000%                0        0.000%
RET_OP_EXEC_COUNT_24                                 0        0.000%                0        0.000%
RET_OP_EXEC_COUNT_25                                 0        0.000%                0        0.000%
RET_OP_EXEC_COUNT_26                                 0        0.000%                0        0.000%
RET_OP_EXEC_COUNT_27                                 0        0.000%                0        0.000%
RET_OP_EXEC_COUNT_28                                 0        0.000%                0        0.000%
RET_OP_EXEC_COUNT_29                                 0        0.000%                0        0.000%
RET_OP_EXEC_COUNT_30                                 0        0.000%                0        0.000%
RET_OP_EXEC_COUNT_31                                 0        0.000%                0        0.000%
RET_OP_EXEC_COUNT_32                                 0        0.000%                0        0.000%
                                                 30129      100.000%            30129      100.000%
                                                  1.00         0.00              1.00         0.00

RET_STALL_LENGTH_0                               29911       99.276%            29911       99.276%
RET_STALL_LENGTH_100                               150        0.498%              150        0.498%
RET_STALL_LENGTH_200                                48        0.159%               48        0.159%
RET_STALL_LENGTH_300                                 7        0.023%                7        0.023%
RET_STALL_LENGTH_400                                 4        0.013%                4        0.013%
RET_STALL_LENGTH_500                                 4        0.013%                4        0.013%
RET_STALL_LENGTH_600                                 2        0.007%                2        0.007%
RET_STALL_LENGTH_700                                 1        0.003%                1        0.003%
RET_STALL_LENGTH_800                                 0        0.000%                0        0.000%
RET_STALL_LENGTH_900                                 0        0.000%                0        0.000%
RET_STALL_LENGTH_1000                                0        0.000%                0        0.000%
RET_STALL_LENGTH_1100                                0        0.000%                0        0.000%
RET_STALL_LENGTH_1200                                2        0.007%                2        0.007%
RET_STALL_LENGTH_1300                                0        0.000%                0        0.000%
RET_STALL_LENGTH_1400                                0        0.000%                0        0.000%
RET_STALL_LENGTH_1500                                0        0.000%                0        0.000%
RET_STALL_LENGTH_1600                                0        0.000%                0        0.000%
RET_STALL_LENGTH_1700                                0        0.000%                0        0.000%
RET_STALL_LENGTH_1800                                0        0.000%                0        0.000%
RET_STALL_LENGTH_1900                                0        0.000%                0        0.000%
RET_STALL_LENGTH_2000                                0        0.000%                0        0.000%
RET_STALL_LENGTH_2100                                0        0.000%                0        0.000%
RET_STALL_LENGTH_2200                                0        0.000%                0        0.000%
RET_STALL_LENGTH_2300                                0        0.000%                0        0.000%
RET_STALL_LENGTH_2400                                0        0.000%                0        0.000%
RET_STALL_LENGTH_2500                                0        0.000%                0        0.000%
RET_STALL_LENGTH_2600                                0        0.000%                0        0.000%
RET_STALL_LENGTH_2700                                0        0.000%                0        0.000%
RET_STALL_LENGTH_2800                                0        0.000%                0        0.000%
RET_STALL_LENGTH_2900                                0        0.000%                0        0.000%
RET_STALL_LENGTH_3000                                0        0.000%                0        0.000%
RET_STALL_LENGTH_3100                                0        0.000%                0        0.000%
RET_STALL_LENGTH_3200                                0        0.000%                0        0.000%
RET_STALL_LENGTH_3300                                0        0.000%                0        0.000%
RET_STALL_LENGTH_3400                                0        0.000%                0        0.000%
RET_STALL_LENGTH_3500                                0        0.000%                0        0.000%
RET_STALL_LENGTH_3600                                0        0.000%                0        0.000%
RET_STALL_LENGTH_3700                                0        0.000%                0        0.000%
RET_STALL_LENGTH_3800                                0        0.000%                0        0.000%
RET_STALL_LENGTH_3900                                0        0.000%                0        0.000%
RET_STALL_LENGTH_4000                                0        0.000%                0        0.000%
RET_STALL_LENGTH_4100                                0        0.000%                0        0.000%
RET_STALL_LENGTH_4200                                0        0.000%                0        0.000%
RET_STALL_LENGTH_4300                                0        0.000%                0        0.000%
RET_STALL_LENGTH_4400                                0        0.000%                0        0.000%
RET_STALL_LENGTH_4500                                0        0.000%                0        0.000%
RET_STALL_LENGTH_4600                                0        0.000%                0        0.000%
RET_STALL_LENGTH_4700                                0        0.000%                0        0.000%
RET_STALL_LENGTH_4800                                0        0.000%                0        0.000%
RET_STALL_LENGTH_4900                                0        0.000%                0        0.000%
RET_STALL_LENGTH_5000                                0        0.000%                0        0.000%
                                                 30129      100.000%            30129      100.000%
                                                  0.01         0.18              0.01         0.18

MEM_BLOCK_LENGTH_0                                  59       95.161%               59       95.161%
MEM_BLOCK_LENGTH_100                                 2        3.226%                2        3.226%
MEM_BLOCK_LENGTH_200                                 0        0.000%                0        0.000%
MEM_BLOCK_LENGTH_300                                 0        0.000%                0        0.000%
MEM_BLOCK_LENGTH_400                                 0        0.000%                0        0.000%
MEM_BLOCK_LENGTH_500                                 0        0.000%                0        0.000%
MEM_BLOCK_LENGTH_600                                 0        0.000%                0        0.000%
MEM_BLOCK_LENGTH_700                                 0        0.000%                0        0.000%
MEM_BLOCK_LENGTH_800                                 0        0.000%                0        0.000%
MEM_BLOCK_LENGTH_900                                 0        0.000%                0        0.000%
MEM_BLOCK_LENGTH_1000                                0        0.000%                0        0.000%
MEM_BLOCK_LENGTH_1100                                0        0.000%                0        0.000%
MEM_BLOCK_LENGTH_1200                                0        0.000%                0        0.000%
MEM_BLOCK_LENGTH_1300                                1        1.613%                1        1.613%
MEM_BLOCK_LENGTH_1400                                0        0.000%                0        0.000%
MEM_BLOCK_LENGTH_1500                                0        0.000%                0        0.000%
MEM_BLOCK_LENGTH_1600                                0        0.000%                0        0.000%
MEM_BLOCK_LENGTH_1700                                0        0.000%                0        0.000%
MEM_BLOCK_LENGTH_1800                                0        0.000%                0        0.000%
MEM_BLOCK_LENGTH_1900                                0        0.000%                0        0.000%
MEM_BLOCK_LENGTH_2000                                0        0.000%                0        0.000%
MEM_BLOCK_LENGTH_2100                                0        0.000%                0        0.000%
MEM_BLOCK_LENGTH_2200                                0        0.000%                0        0.000%
MEM_BLOCK_LENGTH_2300                                0        0.000%                0        0.000%
MEM_BLOCK_LENGTH_2400                                0        0.000%                0        0.000%
MEM_BLOCK_LENGTH_2500                                0        0.000%                0        0.000%
MEM_BLOCK_LENGTH_2600                                0        0.000%                0        0.000%
MEM_BLOCK_LENGTH_2700                                0        0.000%                0        0.000%
MEM_BLOCK_LENGTH_2800                                0        0.000%                0        0.000%
MEM_BLOCK_LENGTH_2900                                0        0.000%                0        0.000%
MEM_BLOCK_LENGTH_3000                                0        0.000%                0        0.000%
MEM_BLOCK_LENGTH_3100                                0        0.000%                0        0.000%
MEM_BLOCK_LENGTH_3200                                0        0.000%                0        0.000%
MEM_BLOCK_LENGTH_3300                                0        0.000%                0        0.000%
MEM_BLOCK_LENGTH_3400                                0        0.000%                0        0.000%
MEM_BLOCK_LENGTH_3500                                0        0.000%                0        0.000%
MEM_BLOCK_LENGTH_3600                                0        0.000%                0        0.000%
MEM_BLOCK_LENGTH_3700                                0        0.000%                0        0.000%
MEM_BLOCK_LENGTH_3800                                0        0.000%                0        0.000%
MEM_BLOCK_LENGTH_3900                                0        0.000%                0        0.000%
MEM_BLOCK_LENGTH_4000                                0        0.000%                0        0.000%
MEM_BLOCK_LENGTH_4100                                0        0.000%                0        0.000%
MEM_BLOCK_LENGTH_4200                                0        0.000%                0        0.000%
MEM_BLOCK_LENGTH_4300                                0        0.000%                0        0.000%
MEM_BLOCK_LENGTH_4400                                0        0.000%                0        0.000%
MEM_BLOCK_LENGTH_4500                                0        0.000%                0        0.000%
MEM_BLOCK_LENGTH_4600                                0        0.000%                0        0.000%
MEM_BLOCK_LENGTH_4700                                0        0.000%                0        0.000%
MEM_BLOCK_LENGTH_4800                                0        0.000%                0        0.000%
MEM_BLOCK_LENGTH_4900                                0        0.000%                0        0.000%
MEM_BLOCK_LENGTH_5000                                0        0.000%                0        0.000%
                                                    62      100.000%               62      100.000%
                                                  0.24         1.64              0.24         1.64

FUS_BUSY_ON_PATH                                 37512        0.4243            37512        0.4243

FUS_BUSY_OFF_PATH                                30562        0.3457            30562        0.3457

FU_BUSY_MEM_STALL                                 7508        0.0849             7508        0.0849

FUS_EMPTY                                       639270        7.2301           639270        7.2301

FU_UNAVAILABLE                                     137        0.0015              137        0.0015

FU_MEM_UNAVAILABLE                                5519        0.0624             5519        0.0624

FU_REPLAY                                            0        0.0000                0        0.0000

FU_STARVED                                      638371        7.2199           638371        7.2199

CHIP_UTILIZATION                                     0        0.0000                0        0.0000

CYCLES_UNDER_MEM_REQ                                 0                              0              

CYCLES_UNDER_NO_MEM_REQ                              0                              0              

CYCLES_UNDER_CRITICAL_MEM_REQ                        0                              0              

CYCLES_UNDER_NONCRITICAL_MEM_REQ                     0                              0              

CHIP_UTILIZATION_UNDER_MEM_REQ                       0          -nan                0          -nan

CHIP_UTILIZATION_UNDER_NO_MEM_REQ                    0          -nan                0          -nan

CHIP_UTILIZATION_UNDER_CRITICAL_MEM_REQ              0          -nan                0          -nan

CHIP_UTILIZATION_UNDER_NONCRITICAL_MEM_REQ             0          -nan                0          -nan

CYCLES_NOT_WAITING_FOR_OFF_CHIP                      0        0.0000                0        0.0000

FUS_BUSY_NOT_WAITING_FOR_OFF_CHIP                    0          -nan                0          -nan

CYCLES_WAITING_FOR_OFF_CHIP                          0        0.0000                0        0.0000

FUS_BUSY_WAITING_FOR_OFF_CHIP                        0          -nan                0          -nan

TOTAL_OFF_CHIP_DELAYS_LEFT                           0                              0              

WRONG_IO_SCHED                                       0                              0              

DVFS_CONFIG_SWITCH                                   0                              0              

MAP_STAGE_RECEIVED_OPS_0                             0        0.000%                0        0.000%
MAP_STAGE_RECEIVED_OPS_1                           217        3.317%              217        3.317%
MAP_STAGE_RECEIVED_OPS_2                           345        5.274%              345        5.274%
MAP_STAGE_RECEIVED_OPS_3                          1451       22.180%             1451       22.180%
MAP_STAGE_RECEIVED_OPS_4                           541        8.270%              541        8.270%
MAP_STAGE_RECEIVED_OPS_5                          1794       27.423%             1794       27.423%
MAP_STAGE_RECEIVED_OPS_6                          2194       33.537%             2194       33.537%
MAP_STAGE_RECEIVED_OPS_7                             0        0.000%                0        0.000%
MAP_STAGE_RECEIVED_OPS_8                             0        0.000%                0        0.000%
MAP_STAGE_RECEIVED_OPS_MAX                           0        0.000%                0        0.000%
                                                  6542      100.000%             6542      100.000%
                                                  4.52         1.44              4.52         1.44

MAP_STAGE_WAIT_FOR_DECODE                            0         -nan%                0         -nan%
MAP_STAGE_CONSUME_DECODE                             0         -nan%                0         -nan%
                                                     0         -nan%                0         -nan%
                                                  -nan         -nan              -nan         -nan

MAP_STAGE_WAIT_FOR_DECODE2                           0         -nan%                0         -nan%
MAP_STAGE_CONSUME_DECODE2                            0         -nan%                0         -nan%
                                                     0         -nan%                0         -nan%
                                                  -nan         -nan              -nan         -nan

FTQ_RECOVER_EXEC                                   330                            330              

FTQ_RECOVER_DECODE                                 274                            274              

FTQ_OFFPATH_CYCLES                               72992                          72992              

FTQ_CYCLES_OFFPATH                               77457                          77457              

FTQ_CYCLES_ONPATH                                10961                          10961              

FTQ_FETCHED_INS_OFFPATH                         359999                         359999              

FTQ_FETCHED_INS_ONPATH                           29721                          29721              

FTQ_BREAK_FULL_FT_ONPATH                          4131       39.886%             4131       39.886%
FTQ_BREAK_MAX_CFS_TAKEN_ONPATH                     398        3.843%              398        3.843%
FTQ_BREAK_MAX_BYTES_ONPATH                          30        0.290%               30        0.290%
FTQ_BREAK_PRED_BR_ONPATH                             0        0.000%                0        0.000%
FTQ_BREAK_BAR_FETCH_ONPATH                        5798       55.981%             5798       55.981%
                                                 10357      100.000%            10357      100.000%
                                                  2.28         2.15              2.28         2.15

FTQ_BREAK_FULL_FT_OFFPATH                        65167       83.482%            65167       83.482%
FTQ_BREAK_MAX_CFS_TAKEN_OFFPATH                   1331        1.705%             1331        1.705%
FTQ_BREAK_MAX_BYTES_OFFPATH                       6601        8.456%             6601        8.456%
FTQ_BREAK_PRED_BR_OFFPATH                            0        0.000%                0        0.000%
FTQ_BREAK_BAR_FETCH_OFFPATH                       4962        6.357%             4962        6.357%
                                                 78061      100.000%            78061      100.000%
                                                  0.44         1.01              0.44         1.01



