/* -*- Mode: c -*- */
####################################################################################################
Core 0
####################################################################################################
Cumulative:        Cycles: 29983                 Instructions: 4999                  IPC: 0.16673

Periodic:          Cycles: 29983                 Instructions: 4999                  IPC: 0.16673

MISS_WAIT_TIME                                 1966384                        1966384              

ICACHE_STAGE_MISS                                  244                            244              

ICACHE_CYCLE                                     29983                          29983              

TCACHE_CYCLE                                         0                              0              

ICACHE_CYCLE_ONPATH                              11366       37.908%            11366       37.908%
ICACHE_CYCLE_OFFPATH                             18617       62.092%            18617       62.092%
                                                 29983      100.000%            29983      100.000%
                                                  0.62         0.57              0.62         0.57

FETCH_ON_PATH                                     7850       49.797%             7850       49.797%
FETCH_OFF_PATH                                    7914       50.203%             7914       50.203%
                                                 15764      100.000%            15764      100.000%
                                                  0.50         0.50              0.50         0.50

FETCHED_OPS_ON_PATH                                  0         -nan%                0         -nan%
FETCHED_OPS_OFF_PATH                                 0         -nan%                0         -nan%
                                                     0         -nan%                0         -nan%
                                                  -nan         -nan              -nan         -nan

INST_LOST_FETCH                                   6277        3.755%             6277        3.755%
INST_LOST_OFF_PATH                               22886       13.690%            22886       13.690%
INST_LOST_FULL_WINDOW                              390        0.233%              390        0.233%
INST_LOST_ROB_STALL_OTHER                         2472        1.479%             2472        1.479%
INST_LOST_ROB_STALL_WAIT_FOR_RECOVERY              246        0.147%              246        0.147%
INST_LOST_ROB_STALL_WAIT_FOR_REDIRECT                0        0.000%                0        0.000%
INST_LOST_ROB_STALL_WAIT_FOR_GAP_FILL                0        0.000%                0        0.000%
INST_LOST_ROB_STALL_WAIT_FOR_L1_MISS                 0        0.000%                0        0.000%
INST_LOST_ROB_STALL_WAIT_FOR_MEMORY                192        0.115%              192        0.115%
INST_LOST_ROB_STALL_WAIT_FOR_DC_MISS             82014       49.058%            82014       49.058%
INST_LOST_ROB_BLOCK_ISSUE_FULL                       0        0.000%                0        0.000%
INST_LOST_ROB_BLOCK_ISSUE_GAP_TOO_LARGE              0        0.000%                0        0.000%
INST_LOST_BREAK_DONT                                 0        0.000%                0        0.000%
INST_LOST_BREAK_RENAME                               0        0.000%                0        0.000%
INST_LOST_BREAK_FT_UNAVAILABLE                    1140        0.682%             1140        0.682%
INST_LOST_BREAK_ICACHE_TO_UOP_CACHE_SWITCH           404        0.242%              404        0.242%
INST_LOST_BREAK_ICACHE_MISS_REQ_SUCCESS            925        0.553%              925        0.553%
INST_LOST_BREAK_ICACHE_MISS_REQ_FAILURE             35        0.021%               35        0.021%
INST_LOST_BREAK_WAIT_FOR_MISS                    46340       27.719%            46340       27.719%
INST_LOST_BREAK_UOP_CACHE_READ_LIMIT              3732        2.232%             3732        2.232%
INST_LOST_BREAK_UOP_CACHE_READ_LIMIT_AND_ISSUE_WIDTH             0        0.000%                0        0.000%
INST_LOST_BREAK_ICACHE_READ_LIMIT                  122        0.073%              122        0.073%
INST_LOST_BREAK_ICACHE_READ_LIMIT_AND_ISSUE_WIDTH             0        0.000%                0        0.000%
INST_LOST_BREAK_ISSUE_WIDTH                          0        0.000%                0        0.000%
INST_LOST_BREAK_BARRIERT                             0        0.000%                0        0.000%
INST_LOST_BREAK_WAIT_FOR_EMPTY_ROB                   0        0.000%                0        0.000%
INST_LOST_BREAK_APP_EXIT                             1        0.001%                1        0.001%
INST_LOST_BREAK_STALL                                0        0.000%                0        0.000%
                                                167176      100.000%           167176      100.000%
                                                 10.27         5.68             10.27         5.68

INST_LOST_TOTAL                                 167176                         167176              

INST_LOST_WAIT_FOR_ICACHE_MISS_NOT_PREFETCHED           970        3.148%              970        3.148%
INST_LOST_WAIT_FOR_ICACHE_MISS_PREFETCHED_AND_EVICTED_BY_IFETCH             0        0.000%                0        0.000%
INST_LOST_WAIT_FOR_ICACHE_MISS_PREFETCHED_AND_EVICTED_BY_FDIP             0        0.000%                0        0.000%
INST_LOST_WAIT_FOR_ICACHE_MISS_MSHR_HIT_PREF_OFFPATH             0        0.000%                0        0.000%
INST_LOST_WAIT_FOR_ICACHE_MISS_MSHR_HIT_PREF_ONPATH         29845       96.852%            29845       96.852%
                                                 30815      100.000%            30815      100.000%
                                                  3.87         3.81              3.87         3.81

FETCH_0_OPS                                      33288       84.269%            33288       84.269%
FETCH_1_OPS                                        450        1.139%              450        1.139%
FETCH_2_OPS                                        280        0.709%              280        0.709%
FETCH_3_OPS                                        353        0.894%              353        0.894%
FETCH_4_OPS                                        338        0.856%              338        0.856%
FETCH_5_OPS                                       3016        7.635%             3016        7.635%
FETCH_6_OPS                                       1777        4.499%             1777        4.499%
FETCH_7_OPS                                          0        0.000%                0        0.000%
FETCH_8_OPS                                          0        0.000%                0        0.000%
FETCH_9_OPS                                          0        0.000%                0        0.000%
FETCH_10_OPS                                         0        0.000%                0        0.000%
FETCH_11_OPS                                         0        0.000%                0        0.000%
FETCH_12_OPS                                         0        0.000%                0        0.000%
FETCH_13_OPS                                         0        0.000%                0        0.000%
FETCH_14_OPS                                         0        0.000%                0        0.000%
FETCH_15_OPS                                         0        0.000%                0        0.000%
FETCH_16_OPS                                         0        0.000%                0        0.000%
                                                 39502      100.000%            39502      100.000%
                                                  0.74         1.67              0.74         1.67

ST_BREAK_DONT                                        0        0.000%                0        0.000%
ST_BREAK_RENAME                                      0        0.000%                0        0.000%
ST_BREAK_FT_UNAVAILABLE                            228        1.446%              228        1.446%
ST_BREAK_ICACHE_TO_UOP_CACHE_SWITCH                147        0.933%              147        0.933%
ST_BREAK_ICACHE_MISS_REQ_SUCCESS                   244        1.548%              244        1.548%
ST_BREAK_ICACHE_MISS_REQ_FAILURE                     7        0.044%                7        0.044%
ST_BREAK_WAIT_FOR_MISS                            9268       58.792%             9268       58.792%
ST_BREAK_UOP_CACHE_READ_LIMIT                     1265        8.025%             1265        8.025%
ST_BREAK_UOP_CACHE_READ_LIMIT_AND_ISSUE_WIDTH           173        1.097%              173        1.097%
ST_BREAK_ICACHE_READ_LIMIT                          58        0.368%               58        0.368%
ST_BREAK_ICACHE_READ_LIMIT_AND_ISSUE_WIDTH            30        0.190%               30        0.190%
ST_BREAK_ISSUE_WIDTH                              4343       27.550%             4343       27.550%
ST_BREAK_BARRIERT                                    0        0.000%                0        0.000%
ST_BREAK_WAIT_FOR_EMPTY_ROB                          0        0.000%                0        0.000%
ST_BREAK_APP_EXIT                                    1        0.006%                1        0.006%
ST_BREAK_STALL                                       0        0.000%                0        0.000%
                                                 15764      100.000%            15764      100.000%
                                                  7.38         2.36              7.38         2.36

ORACLE_ON_PATH_INST                               6277       21.524%             6277       21.524%
ORACLE_OFF_PATH_INST                             22886       78.476%            22886       78.476%
                                                 29163      100.000%            29163      100.000%
                                                  0.78         0.72              0.78         0.72

ORACLE_ON_PATH_INST_MEM                           1967        6.745%             1967        6.745%
ORACLE_ON_PATH_INST_NOTMEM                        4310       14.779%             4310       14.779%
ORACLE_OFF_PATH_INST_MEM                          2747        9.419%             2747        9.419%
ORACLE_OFF_PATH_INST_NOTMEM                      20139       69.057%            20139       69.057%
                                                 29163      100.000%            29163      100.000%
                                                  2.41         2.13              2.41         2.13

ICACHE_CYCLE_NONRA_ONPATH                            0         -nan%                0         -nan%
ICACHE_CYCLE_NONRA_OFFPATH                           0         -nan%                0         -nan%
ICACHE_CYCLE_RA_ONPATH                               0         -nan%                0         -nan%
ICACHE_CYCLE_RA_OFFPATH                              0         -nan%                0         -nan%
                                                     0         -nan%                0         -nan%
                                                  -nan         -nan              -nan         -nan

ICACHE_CYCLE_ONPATH_NONRA                            0         -nan%                0         -nan%
ICACHE_CYCLE_OFFPATH_NONRA                           0         -nan%                0         -nan%
                                                     0         -nan%                0         -nan%
                                                  -nan         -nan              -nan         -nan

ICACHE_CYCLE_ONPATH_RA                               0         -nan%                0         -nan%
ICACHE_CYCLE_OFFPATH_RA                              0         -nan%                0         -nan%
                                                     0         -nan%                0         -nan%
                                                  -nan         -nan              -nan         -nan

INACCURATE_OFFPATH_CYCLES                            0        0.0000                0        0.0000

FETCH_ALL_INST                                   29163                          29163              

EXEC_ALL_INST                                    21612                          21612              

RET_ALL_INST                                      6277                           6277              

EXEC_ON_PATH_INST                                 6277       29.044%             6277       29.044%
EXEC_OFF_PATH_INST                               15335       70.956%            15335       70.956%
                                                 21612      100.000%            21612      100.000%
                                                  0.71         0.65              0.71         0.65

EXEC_ON_PATH_INST_MEM                             1967        9.101%             1967        9.101%
EXEC_ON_PATH_INST_NOTMEM                          4310       19.943%             4310       19.943%
EXEC_OFF_PATH_INST_MEM                            1634        7.561%             1634        7.561%
EXEC_OFF_PATH_INST_NOTMEM                        13701       63.395%            13701       63.395%
                                                 21612      100.000%            21612      100.000%
                                                  2.25         1.97              2.25         1.97

EXEC_RA_INST                                         0         -nan%                0         -nan%
EXEC_NONRA_INST                                      0         -nan%                0         -nan%
                                                     0         -nan%                0         -nan%
                                                  -nan         -nan              -nan         -nan

EXEC_ON_PATH_INST_RA                                 0         -nan%                0         -nan%
EXEC_OFF_PATH_INST_RA                                0         -nan%                0         -nan%
                                                     0         -nan%                0         -nan%
                                                  -nan         -nan              -nan         -nan

EXEC_ON_PATH_INST_NONRA                              0         -nan%                0         -nan%
EXEC_OFF_PATH_INST_NONRA                             0         -nan%                0         -nan%
                                                     0         -nan%                0         -nan%
                                                  -nan         -nan              -nan         -nan

EXEC_RA_ON_PATH_INST                                 0         -nan%                0         -nan%
EXEC_RA_OFF_PATH_INST                                0         -nan%                0         -nan%
EXEC_NONRA_ON_PATH_INST                              0         -nan%                0         -nan%
EXEC_NONRA_OFF_PATH_INST                             0         -nan%                0         -nan%
                                                     0         -nan%                0         -nan%
                                                  -nan         -nan              -nan         -nan

ICACHE_THROTTLE_CYCLE                                0                              0              

FETCH_ENABLE_THROTTLE_OFF_PATH                       0         -nan%                0         -nan%
FETCH_ENABLE_THROTTLE_ON_PATH                        0         -nan%                0         -nan%
                                                     0         -nan%                0         -nan%
                                                  -nan         -nan              -nan         -nan

FETCH_DISABLE_THROTTLE_OFF_PATH                      0         -nan%                0         -nan%
FETCH_DISABLE_THROTTLE_ON_PATH                       0         -nan%                0         -nan%
                                                     0         -nan%                0         -nan%
                                                  -nan         -nan              -nan         -nan

FETCH_TH_ADJUST__0                                   0         -nan%                0         -nan%
FETCH_TH_ADJUST__1                                   0         -nan%                0         -nan%
FETCH_TH_ADJUST__2                                   0         -nan%                0         -nan%
FETCH_TH_ADJUST__3                                   0         -nan%                0         -nan%
FETCH_TH_ADJUST__4                                   0         -nan%                0         -nan%
FETCH_TH_ADJUST__5                                   0         -nan%                0         -nan%
FETCH_TH_ADJUST__6                                   0         -nan%                0         -nan%
FETCH_TH_ADJUST__7                                   0         -nan%                0         -nan%
FETCH_TH_ADJUST__8                                   0         -nan%                0         -nan%
FETCH_TH_ADJUST__9                                   0         -nan%                0         -nan%
FETCH_TH_ADJUST__MAX                                 0         -nan%                0         -nan%
                                                     0         -nan%                0         -nan%
                                                  -nan         -nan              -nan         -nan

FETCH_TH_ADJUST_UP                                   0         -nan%                0         -nan%
FETCH_TH_ADJUST_DOWN                                 0         -nan%                0         -nan%
FETCH_TH_ADJUST_SAME                                 0         -nan%                0         -nan%
                                                     0         -nan%                0         -nan%
                                                  -nan         -nan              -nan         -nan

THROTTLE_ADJUST_CACHE_MISS_INFO                      0                              0              

LOW_CONF_COUNT_BP_MIS_0                              0         -nan%                0         -nan%
LOW_CONF_COUNT_BP_MIS_1                              0         -nan%                0         -nan%
LOW_CONF_COUNT_BP_MIS_2                              0         -nan%                0         -nan%
LOW_CONF_COUNT_BP_MIS_3                              0         -nan%                0         -nan%
LOW_CONF_COUNT_BP_MIS_4                              0         -nan%                0         -nan%
LOW_CONF_COUNT_BP_MIS_5                              0         -nan%                0         -nan%
LOW_CONF_COUNT_BP_MIS_6                              0         -nan%                0         -nan%
LOW_CONF_COUNT_BP_MIS_7                              0         -nan%                0         -nan%
LOW_CONF_COUNT_BP_MIS_8                              0         -nan%                0         -nan%
LOW_CONF_COUNT_BP_MIS_9                              0         -nan%                0         -nan%
LOW_CONF_COUNT_BP_MIS_10                             0         -nan%                0         -nan%
LOW_CONF_COUNT_BP_MIS_11                             0         -nan%                0         -nan%
LOW_CONF_COUNT_BP_MIS_12                             0         -nan%                0         -nan%
LOW_CONF_COUNT_BP_MIS_13                             0         -nan%                0         -nan%
LOW_CONF_COUNT_BP_MIS_14                             0         -nan%                0         -nan%
LOW_CONF_COUNT_BP_MIS_15                             0         -nan%                0         -nan%
LOW_CONF_COUNT_BP_MIS_16                             0         -nan%                0         -nan%
LOW_CONF_COUNT_BP_MIS_17                             0         -nan%                0         -nan%
LOW_CONF_COUNT_BP_MIS_18                             0         -nan%                0         -nan%
LOW_CONF_COUNT_BP_MIS_19                             0         -nan%                0         -nan%
LOW_CONF_COUNT_BP_MIS_20                             0         -nan%                0         -nan%
                                                     0         -nan%                0         -nan%
                                                  -nan         -nan              -nan         -nan

LOW_CONF_COUNT_RET_0                                 0         -nan%                0         -nan%
LOW_CONF_COUNT_RET_1                                 0         -nan%                0         -nan%
LOW_CONF_COUNT_RET_2                                 0         -nan%                0         -nan%
LOW_CONF_COUNT_RET_3                                 0         -nan%                0         -nan%
LOW_CONF_COUNT_RET_4                                 0         -nan%                0         -nan%
LOW_CONF_COUNT_RET_5                                 0         -nan%                0         -nan%
LOW_CONF_COUNT_RET_6                                 0         -nan%                0         -nan%
LOW_CONF_COUNT_RET_7                                 0         -nan%                0         -nan%
LOW_CONF_COUNT_RET_8                                 0         -nan%                0         -nan%
LOW_CONF_COUNT_RET_9                                 0         -nan%                0         -nan%
LOW_CONF_COUNT_RET_10                                0         -nan%                0         -nan%
LOW_CONF_COUNT_RET_11                                0         -nan%                0         -nan%
LOW_CONF_COUNT_RET_12                                0         -nan%                0         -nan%
LOW_CONF_COUNT_RET_13                                0         -nan%                0         -nan%
LOW_CONF_COUNT_RET_14                                0         -nan%                0         -nan%
LOW_CONF_COUNT_RET_15                                0         -nan%                0         -nan%
LOW_CONF_COUNT_RET_16                                0         -nan%                0         -nan%
LOW_CONF_COUNT_RET_17                                0         -nan%                0         -nan%
LOW_CONF_COUNT_RET_18                                0         -nan%                0         -nan%
LOW_CONF_COUNT_RET_19                                0         -nan%                0         -nan%
LOW_CONF_COUNT_RET_20                                0         -nan%                0         -nan%
                                                     0         -nan%                0         -nan%
                                                  -nan         -nan              -nan         -nan

CYCLES_RESTEER_MISPRED                               0         -nan%                0         -nan%
CYCLES_RESTEER_MISFETCH                              0         -nan%                0         -nan%
CYCLES_RESTEER_BTB_MISS                              0         -nan%                0         -nan%
                                                     0         -nan%                0         -nan%
                                                  -nan         -nan              -nan         -nan

CYCLES_RESTEER_MISPRED_SAVED_UC_FETCH                0         -nan%                0         -nan%
CYCLES_RESTEER_MISPRED_COULD_BE_SAVED_UC_FETCH             0         -nan%                0         -nan%
CYCLES_RESTEER_MISFETCH_SAVED_UC_FETCH               0         -nan%                0         -nan%
CYCLES_RESTEER_MISFETCH_COULD_BE_SAVED_UC_FETCH             0         -nan%                0         -nan%
CYCLES_RESTEER_BTB_MISS_SAVED_UC_FETCH               0         -nan%                0         -nan%
CYCLES_RESTEER_BTB_MISS_COULD_BE_SAVED_UC_FETCH             0         -nan%                0         -nan%
                                                     0         -nan%                0         -nan%
                                                  -nan         -nan              -nan         -nan

CYCLES_UOC_IC_SWITCH                                 0                              0              



